<html>
<body>
<pre>
<h1>礦ision Build Log</h1>
<h2>Tool Versions:</h2>
IDE-Version: μVision V5.14.0.0
Copyright (C) 2015 ARM Ltd and ARM Germany GmbH. All rights reserved.
License Information: Xu Sheng, CHZU, LIC=CRMZ9-49EGU-065QU-SSVNH-D4AUD-XDSKA
 
Tool Versions:
Toolchain:       MDK-ARM Professional  Version: 5.14.0.0
Toolchain Path:  D:\IDE\Keil\ARM\ARMCC\Bin
C Compiler:      Armcc.exe V5.05 update 1 (build 106)
Assembler:       Armasm.exe V5.05 update 1 (build 106)
Linker/Locator:  ArmLink.exe V5.05 update 1 (build 106)
Library Manager: ArmAr.exe V5.05 update 1 (build 106)
Hex Converter:   FromElf.exe V5.05 update 1 (build 106)
CPU DLL:         SARMCM3.DLL V5.14.0.0
Dialog DLL:      DARMSTM.DLL V1.65.0.0
Target DLL:      Segger\JL2CM3.dll V2.99.13.0
Dialog DLL:      TARMSTM.DLL V1.64.0.0
 
<h2>Project:</h2>
G:\我的学习\WarShip工作区\家电控制系统 (发射机-5-18修改)\USER\家电控制系统.uvprojx
Project File Date:  05/20/2017

<h2>Output:</h2>
Build target '家电控制系统'
compiling main.c...
compiling application.c...
application.c(351): warning:  #550-D: variable "otherAddr" was set but never used
        u16 otherAddr;//这组红外码的保留空间起始地址
application.c: 1 warning, 0 errors
compiling led.c...
compiling independentKey.c...
compiling usart3.c...
compiling hc05.c...
compiling infraredEmitter.c...
compiling iic.c...
compiling at24c256.c...
compiling lcd1602.c...
compiling oled.c...
compiling delay.c...
compiling sys.c...
compiling usart.c...
linking...
Program Size: Code=18400 RO-data=852 RW-data=3164 ZI-data=3068  
"..\Objects\家电控制系统.axf" - 0 Error(s), 1 Warning(s).

<h2>Collection of Component include folders:</h2>
  G:\我的学习\WarShip工作区\家电控制系统 (发射机-5-18修改)\USER\RTE
  D:\IDE\Keil\ARM\PACK\Keil\STM32F1xx_DFP\1.0.5\Device\Include

<h2>Collection of Component Files used:</h2>
</pre>
</body>
</html>
