Component: ARM Compiler 5.05 update 1 (build 106) Tool: armlink [4d0efa]

==============================================================================

Section Cross References

    main.o(i.main) refers to misc.o(i.NVIC_PriorityGroupConfig) for NVIC_PriorityGroupConfig
    main.o(i.main) refers to delay.o(i.delay_init) for delay_init
    main.o(i.main) refers to led.o(i.LedInit) for LedInit
    main.o(i.main) refers to usart.o(i.uart_init) for uart_init
    main.o(i.main) refers to at24c256.o(i.at24c256Init) for at24c256Init
    main.o(i.main) refers to independentkey.o(i.IndependentKeyInit) for IndependentKeyInit
    main.o(i.main) refers to infraredemitter.o(i.InfraredEmitterInit) for InfraredEmitterInit
    main.o(i.main) refers to oled.o(i.OLED_Init) for OLED_Init
    main.o(i.main) refers to oled.o(i.OLED_Clear) for OLED_Clear
    main.o(i.main) refers to __2printf.o(.text) for __2printf
    main.o(i.main) refers to application.o(i.appplicationRun) for appplicationRun
    system_stm32f10x.o(i.SetSysClock) refers to system_stm32f10x.o(i.SetSysClockTo72) for SetSysClockTo72
    system_stm32f10x.o(i.SystemCoreClockUpdate) refers to system_stm32f10x.o(.data) for SystemCoreClock
    system_stm32f10x.o(i.SystemInit) refers to system_stm32f10x.o(i.SetSysClock) for SetSysClock
    application.o(i.appplicationRun) refers to application.o(i.deviceWorkStatue) for deviceWorkStatue
    application.o(i.appplicationRun) refers to application.o(i.deviceOperateStatue) for deviceOperateStatue
    application.o(i.appplicationRun) refers to application.o(.data) for deviceKeyValue
    application.o(i.deviceOperateStatue) refers to _printf_percent.o(.ARM.Collect$$_printf_percent$$00000000) for _printf_percent
    application.o(i.deviceOperateStatue) refers to _printf_s.o(.ARM.Collect$$_printf_percent$$00000014) for _printf_s
    application.o(i.deviceOperateStatue) refers to _printf_str.o(.text) for _printf_str
    application.o(i.deviceOperateStatue) refers to __2printf.o(.text) for __2printf
    application.o(i.deviceOperateStatue) refers to at24c256.o(i.at24c256ReadRandom) for at24c256ReadRandom
    application.o(i.deviceOperateStatue) refers to oled.o(i.OLED_Clear) for OLED_Clear
    application.o(i.deviceOperateStatue) refers to oled.o(i.OLED_ShowString) for OLED_ShowString
    application.o(i.deviceOperateStatue) refers to infraredemitter.o(i.allowFraRecive) for allowFraRecive
    application.o(i.deviceOperateStatue) refers to infraredemitter.o(i.cleanAllFraRecFlag) for cleanAllFraRecFlag
    application.o(i.deviceOperateStatue) refers to infraredemitter.o(i.banFraRecive) for banFraRecive
    application.o(i.deviceOperateStatue) refers to delay.o(i.delay_ms) for delay_ms
    application.o(i.deviceOperateStatue) refers to independentkey.o(i.ReadDEVICE_SETKey) for ReadDEVICE_SETKey
    application.o(i.deviceOperateStatue) refers to at24c256.o(i.at24c256Writedata) for at24c256Writedata
    application.o(i.deviceOperateStatue) refers to application.o(.data) for operateHEtotle
    application.o(i.deviceWorkStatue) refers to _printf_percent.o(.ARM.Collect$$_printf_percent$$00000000) for _printf_percent
    application.o(i.deviceWorkStatue) refers to _printf_c.o(.ARM.Collect$$_printf_percent$$00000013) for _printf_c
    application.o(i.deviceWorkStatue) refers to _printf_str.o(.text) for _printf_str
    application.o(i.deviceWorkStatue) refers to at24c256.o(i.at24c256ReadRandom) for at24c256ReadRandom
    application.o(i.deviceWorkStatue) refers to __2printf.o(.text) for __2printf
    application.o(i.deviceWorkStatue) refers to oled.o(i.OLED_Clear) for OLED_Clear
    application.o(i.deviceWorkStatue) refers to oled.o(i.OLED_ShowString) for OLED_ShowString
    application.o(i.deviceWorkStatue) refers to hc05.o(i.HC05_Init) for HC05_Init
    application.o(i.deviceWorkStatue) refers to hc05.o(i.HC05_Set_Cmd) for HC05_Set_Cmd
    application.o(i.deviceWorkStatue) refers to delay.o(i.delay_ms) for delay_ms
    application.o(i.deviceWorkStatue) refers to application.o(i.sendFraSign) for sendFraSign
    application.o(i.deviceWorkStatue) refers to infraredemitter.o(i.sendGLAirFraSign) for sendGLAirFraSign
    application.o(i.deviceWorkStatue) refers to application.o(.data) for deviceStatus
    application.o(i.deviceWorkStatue) refers to usart3.o(.data) for USART3_RX_STA
    application.o(i.deviceWorkStatue) refers to usart3.o(.bss) for USART3_RX_BUF
    application.o(i.infraSendAndRecTest) refers to _printf_percent.o(.ARM.Collect$$_printf_percent$$00000000) for _printf_percent
    application.o(i.infraSendAndRecTest) refers to _printf_c.o(.ARM.Collect$$_printf_percent$$00000013) for _printf_c
    application.o(i.infraSendAndRecTest) refers to _printf_str.o(.text) for _printf_str
    application.o(i.infraSendAndRecTest) refers to __2printf.o(.text) for __2printf
[...]
    i.GPIO_EXTILineConfig                    0x08001a20   Section        0  stm32f10x_gpio.o(i.GPIO_EXTILineConfig)
    i.GPIO_Init                              0x08001a60   Section        0  stm32f10x_gpio.o(i.GPIO_Init)
    i.GPIO_PinRemapConfig                    0x08001b78   Section        0  stm32f10x_gpio.o(i.GPIO_PinRemapConfig)
    i.GPIO_ReadInputDataBit                  0x08001c08   Section        0  stm32f10x_gpio.o(i.GPIO_ReadInputDataBit)
    i.GPIO_SetBits                           0x08001c1a   Section        0  stm32f10x_gpio.o(i.GPIO_SetBits)
    i.HC05_Init                              0x08001c20   Section        0  hc05.o(i.HC05_Init)
    i.HC05_Set_Cmd                           0x08001d24   Section        0  hc05.o(i.HC05_Set_Cmd)
    i.HardFault_Handler                      0x08001dc0   Section        0  stm32f10x_it.o(i.HardFault_Handler)
    i.IndependentKeyInit                     0x08001dc4   Section        0  independentkey.o(i.IndependentKeyInit)
    i.InfraredEmitterInit                    0x08001e8c   Section        0  infraredemitter.o(i.InfraredEmitterInit)
    i.LedInit                                0x08002000   Section        0  led.o(i.LedInit)
    i.MemManage_Handler                      0x08002034   Section        0  stm32f10x_it.o(i.MemManage_Handler)
    i.NMI_Handler                            0x08002038   Section        0  stm32f10x_it.o(i.NMI_Handler)
    i.NVIC_Init                              0x0800203c   Section        0  misc.o(i.NVIC_Init)
    i.NVIC_PriorityGroupConfig               0x080020ac   Section        0  misc.o(i.NVIC_PriorityGroupConfig)
    i.OLED_Clear                             0x080020c0   Section        0  oled.o(i.OLED_Clear)
    i.OLED_Init                              0x08002100   Section        0  oled.o(i.OLED_Init)
    i.OLED_PinInit                           0x08002224   Section        0  oled.o(i.OLED_PinInit)
    i.OLED_SDIN_Out                          0x08002280   Section        0  oled.o(i.OLED_SDIN_Out)
    i.OLED_Set_Pos                           0x080022a4   Section        0  oled.o(i.OLED_Set_Pos)
    i.OLED_ShowChar                          0x080022d4   Section        0  oled.o(i.OLED_ShowChar)
    i.OLED_ShowString                        0x08002344   Section        0  oled.o(i.OLED_ShowString)
    i.OLED_WR_Byte                           0x08002378   Section        0  oled.o(i.OLED_WR_Byte)
    i.PendSV_Handler                         0x080023e4   Section        0  stm32f10x_it.o(i.PendSV_Handler)
    i.RCC_APB1PeriphClockCmd                 0x080023e8   Section        0  stm32f10x_rcc.o(i.RCC_APB1PeriphClockCmd)
    i.RCC_APB1PeriphResetCmd                 0x08002408   Section        0  stm32f10x_rcc.o(i.RCC_APB1PeriphResetCmd)
    i.RCC_APB2PeriphClockCmd                 0x08002428   Section        0  stm32f10x_rcc.o(i.RCC_APB2PeriphClockCmd)
    i.RCC_APB2PeriphResetCmd                 0x08002448   Section        0  stm32f10x_rcc.o(i.RCC_APB2PeriphResetCmd)
    i.RCC_GetClocksFreq                      0x08002468   Section        0  stm32f10x_rcc.o(i.RCC_GetClocksFreq)
    i.ReadDEVICE_SETKey                      0x0800253c   Section        0  independentkey.o(i.ReadDEVICE_SETKey)
    i.SVC_Handler                            0x08002554   Section        0  stm32f10x_it.o(i.SVC_Handler)
    i.SendOneBit                             0x08002556   Section        0  infraredemitter.o(i.SendOneBit)
    i.SetSysClock                            0x08002682   Section        0  system_stm32f10x.o(i.SetSysClock)
    SetSysClock                              0x08002683   Thumb Code     8  system_stm32f10x.o(i.SetSysClock)
    i.SetSysClockTo72                        0x0800268c   Section        0  system_stm32f10x.o(i.SetSysClockTo72)
    SetSysClockTo72                          0x0800268d   Thumb Code   214  system_stm32f10x.o(i.SetSysClockTo72)
    i.SysTick_CLKSourceConfig                0x0800276c   Section        0  misc.o(i.SysTick_CLKSourceConfig)
    i.SysTick_Handler                        0x08002794   Section        0  stm32f10x_it.o(i.SysTick_Handler)
    i.SystemInit                             0x08002798   Section        0  system_stm32f10x.o(i.SystemInit)
    i.TI1_Config                             0x080027f8   Section        0  stm32f10x_tim.o(i.TI1_Config)
    TI1_Config                               0x080027f9   Thumb Code   108  stm32f10x_tim.o(i.TI1_Config)
    i.TI2_Config                             0x08002878   Section        0  stm32f10x_tim.o(i.TI2_Config)
    TI2_Config                               0x08002879   Thumb Code   130  stm32f10x_tim.o(i.TI2_Config)
    i.TI3_Config                             0x08002910   Section        0  stm32f10x_tim.o(i.TI3_Config)
    TI3_Config                               0x08002911   Thumb Code   122  stm32f10x_tim.o(i.TI3_Config)
    i.TI4_Config                             0x080029a0   Section        0  stm32f10x_tim.o(i.TI4_Config)
    TI4_Config                               0x080029a1   Thumb Code   130  stm32f10x_tim.o(i.TI4_Config)
    i.TIM3_IRQHandler                        0x08002a38   Section        0  usart3.o(i.TIM3_IRQHandler)
    i.TIM3_Int_Init                          0x08002a6c   Section        0  usart3.o(i.TIM3_Int_Init)
    i.TIM4_IRQHandler                        0x08002acc   Section        0  infraredemitter.o(i.TIM4_IRQHandler)
    i.TIM_CCxCmd                             0x08002bd4   Section        0  stm32f10x_tim.o(i.TIM_CCxCmd)
    i.TIM_ClearITPendingBit                  0x08002bf2   Section        0  stm32f10x_tim.o(i.TIM_ClearITPendingBit)
    i.TIM_Cmd                                0x08002bf8   Section        0  stm32f10x_tim.o(i.TIM_Cmd)
    i.TIM_GetCapture4                        0x08002c10   Section        0  stm32f10x_tim.o(i.TIM_GetCapture4)
    i.TIM_GetITStatus                        0x08002c18   Section        0  stm32f10x_tim.o(i.TIM_GetITStatus)
    i.TIM_ICInit                             0x08002c3c   Section        0  stm32f10x_tim.o(i.TIM_ICInit)
    i.TIM_ITConfig                           0x08002ce8   Section        0  stm32f10x_tim.o(i.TIM_ITConfig)
    i.TIM_OC2Init                            0x08002cfc   Section        0  stm32f10x_tim.o(i.TIM_OC2Init)
    i.TIM_OC4PolarityConfig                  0x08002da0   Section        0  stm32f10x_tim.o(i.TIM_OC4PolarityConfig)
    i.TIM_SetCounter                         0x08002dba   Section        0  stm32f10x_tim.o(i.TIM_SetCounter)
    i.TIM_SetIC1Prescaler                    0x08002dbe   Section        0  stm32f10x_tim.o(i.TIM_SetIC1Prescaler)
    i.TIM_SetIC2Prescaler                    0x08002dd0   Section        0  stm32f10x_tim.o(i.TIM_SetIC2Prescaler)
    i.TIM_SetIC3Prescaler                    0x08002dea   Section        0  stm32f10x_tim.o(i.TIM_SetIC3Prescaler)
    i.TIM_SetIC4Prescaler                    0x08002dfc   Section        0  stm32f10x_tim.o(i.TIM_SetIC4Prescaler)
    i.TIM_TimeBaseInit                       0x08002e18   Section        0  stm32f10x_tim.o(i.TIM_TimeBaseInit)
    i.TIM_UpdateDisableConfig                0x08002ebc   Section        0  stm32f10x_tim.o(i.TIM_UpdateDisableConfig)
    i.TIM_UpdateRequestConfig                0x08002ed4   Section        0  stm32f10x_tim.o(i.TIM_UpdateRequestConfig)
    i.USART1_IRQHandler                      0x08002eec   Section        0  usart.o(i.USART1_IRQHandler)
    i.USART3_IRQHandler                      0x08002f74   Section        0  usart3.o(i.USART3_IRQHandler)
    i.USART_Cmd                              0x08002fe4   Section        0  stm32f10x_usart.o(i.USART_Cmd)
    i.USART_DeInit                           0x08002ffc   Section        0  stm32f10x_usart.o(i.USART_DeInit)
    i.USART_GetFlagStatus                    0x08003098   Section        0  stm32f10x_usart.o(i.USART_GetFlagStatus)
    i.USART_GetITStatus                      0x080030b2   Section        0  stm32f10x_usart.o(i.USART_GetITStatus)
    i.USART_ITConfig                         0x08003106   Section        0  stm32f10x_usart.o(i.USART_ITConfig)
    i.USART_Init                             0x08003150   Section        0  stm32f10x_usart.o(i.USART_Init)
    i.USART_ReceiveData                      0x08003228   Section        0  stm32f10x_usart.o(i.USART_ReceiveData)
    i.USART_SendData                         0x08003232   Section        0  stm32f10x_usart.o(i.USART_SendData)
    i.UsageFault_Handler                     0x0800323a   Section        0  stm32f10x_it.o(i.UsageFault_Handler)
    i.__ARM_fpclassify                       0x0800323e   Section        0  fpclassify.o(i.__ARM_fpclassify)
    i._is_digit                              0x08003266   Section        0  __printf_wp.o(i._is_digit)
    i._sys_exit                              0x08003274   Section        0  usart.o(i._sys_exit)
    i.airInfraredSendData                    0x0800327c   Section        0  infraredemitter.o(i.airInfraredSendData)
    i.airInfraredSendGroupData               0x0800347c   Section        0  infraredemitter.o(i.airInfraredSendGroupData)
    i.allowFraRecive                         0x080034a8   Section        0  infraredemitter.o(i.allowFraRecive)
    i.appplicationRun                        0x080034bc   Section        0  application.o(i.appplicationRun)
    i.at24c256Init                           0x080034fc   Section        0  at24c256.o(i.at24c256Init)
    i.at24c256ReadRandom                     0x08003504   Section        0  at24c256.o(i.at24c256ReadRandom)
    i.at24c256Writedata                      0x08003580   Section        0  at24c256.o(i.at24c256Writedata)
    i.banFraRecive                           0x080035dc   Section        0  infraredemitter.o(i.banFraRecive)
    i.cleanAllFraRecFlag                     0x080035f0   Section        0  infraredemitter.o(i.cleanAllFraRecFlag)
    i.delay_init                             0x08003644   Section        0  delay.o(i.delay_init)
    i.delay_ms                               0x08003688   Section        0  delay.o(i.delay_ms)
    i.delay_us                               0x080036d4   Section        0  delay.o(i.delay_us)
    i.deviceOperateStatue                    0x08003720   Section        0  application.o(i.deviceOperateStatue)
    i.deviceWorkStatue                       0x08003a48   Section        0  application.o(i.deviceWorkStatue)
    i.fputc                                  0x08003d38   Section        0  usart.o(i.fputc)
    i.iicCheckBusy                           0x08003d54   Section        0  iic.o(i.iicCheckBusy)
    i.iicInit                                0x08003d88   Section        0  iic.o(i.iicInit)
    i.iicReceiveOneByte                      0x08003db4   Section        0  iic.o(i.iicReceiveOneByte)
    i.iicSendAddr                            0x08003e50   Section        0  iic.o(i.iicSendAddr)
    i.iicSendOneByte                         0x08003e70   Section        0  iic.o(i.iicSendOneByte)
    i.iicSendStart                           0x08003f14   Section        0  iic.o(i.iicSendStart)
    i.iicSendStop                            0x08003f5c   Section        0  iic.o(i.iicSendStop)
    i.iicSetIOPinDir                         0x08003fa0   Section        0  iic.o(i.iicSetIOPinDir)
    i.infraSendAndRecTest                    0x08003fd8   Section        0  application.o(i.infraSendAndRecTest)
    i.infraSendAnyLengData                   0x08004088   Section        0  infraredemitter.o(i.infraSendAnyLengData)
    i.learnKeyValue                          0x0800412c   Section        0  application.o(i.learnKeyValue)
    i.main                                   0x0800433c   Section        0  main.o(i.main)
    i.recJudge                               0x08004384   Section        0  infraredemitter.o(i.recJudge)
    i.sendFraSign                            0x080044b8   Section        0  application.o(i.sendFraSign)
    i.sendGLAirFraSign                       0x0800462c   Section        0  infraredemitter.o(i.sendGLAirFraSign)
    i.u3_printf                              0x080046f4   Section        0  usart3.o(i.u3_printf)
    i.uart_init                              0x08004744   Section        0  usart.o(i.uart_init)
    i.usart3_init                            0x080047e4   Section        0  usart3.o(i.usart3_init)
    locale$$code                             0x080048b4   Section       44  lc_numeric_c.o(locale$$code)
    locale$$code                             0x080048e0   Section       44  lc_ctype_c.o(locale$$code)
    x$fpl$printf1                            0x0800490c   Section        4  printf1.o(x$fpl$printf1)
    .constdata                               0x08004910   Section       17  __printf_flags_ss_wp.o(.constdata)
    x$fpl$usenofp                            0x08004910   Section        0  usenofp.o(x$fpl$usenofp)
    maptable                                 0x08004910   Data          17  __printf_flags_ss_wp.o(.constdata)
    .constdata                               0x08004924   Section        8  _printf_wctomb.o(.constdata)
    initial_mbstate                          0x08004924   Data           8  _printf_wctomb.o(.constdata)
    .constdata                               0x0800492c   Section       40  _printf_hex_int_ll_ptr.o(.constdata)
    uc_hextab                                0x0800492c   Data          20  _printf_hex_int_ll_ptr.o(.constdata)
    lc_hextab                                0x08004940   Data          20  _printf_hex_int_ll_ptr.o(.constdata)
    .constdata                               0x08004954   Section      148  bigflt0.o(.constdata)
    tenpwrs_x                                0x08004954   Data          60  bigflt0.o(.constdata)
    tenpwrs_i                                0x08004990   Data          64  bigflt0.o(.constdata)
    locale$$data                             0x08004a08   Section       28  lc_numeric_c.o(locale$$data)
    __lcnum_c_name                           0x08004a0c   Data           2  lc_numeric_c.o(locale$$data)
    __lcnum_c_start                          0x08004a14   Data           0  lc_numeric_c.o(locale$$data)
    __lcnum_c_point                          0x08004a20   Data           0  lc_numeric_c.o(locale$$data)
    __lcnum_c_thousands                      0x08004a22   Data           0  lc_numeric_c.o(locale$$data)
    __lcnum_c_grouping                       0x08004a23   Data           0  lc_numeric_c.o(locale$$data)
    locale$$data                             0x08004a24   Section      272  lc_ctype_c.o(locale$$data)
    __lcnum_c_end                            0x08004a24   Data           0  lc_numeric_c.o(locale$$data)
    __lcctype_c_name                         0x08004a28   Data           2  lc_ctype_c.o(locale$$data)
    __lcctype_c_start                        0x08004a30   Data           0  lc_ctype_c.o(locale$$data)
    __lcctype_c_end                          0x08004b34   Data           0  lc_ctype_c.o(locale$$data)
    .data                                    0x20000000   Section       20  system_stm32f10x.o(.data)
    .data                                    0x20000014   Section      572  application.o(.data)
    hENum                                    0x2000024f   Data           1  application.o(.data)
    .data                                    0x20000250   Section        2  usart3.o(.data)
    .data                                    0x20000252   Section       18  infraredemitter.o(.data)
    .data                                    0x20000264   Section     2520  oled.o(.data)
    .data                                    0x20000c3c   Section        4  delay.o(.data)
    fac_us                                   0x20000c3c   Data           1  delay.o(.data)
    fac_ms                                   0x20000c3e   Data           2  delay.o(.data)
    .data                                    0x20000c40   Section        6  usart.o(.data)
    .data                                    0x20000c46   Section       20  stm32f10x_rcc.o(.data)
    APBAHBPrescTable                         0x20000c46   Data          16  stm32f10x_rcc.o(.data)
    ADCPrescTable                            0x20000c56   Data           4  stm32f10x_rcc.o(.data)
    .bss                                     0x20000c5c   Section     1200  usart3.o(.bss)
    .bss                                     0x2000110c   Section       32  infraredemitter.o(.bss)
    .bss                                     0x2000112c   Section      200  usart.o(.bss)
    .bss                                     0x200011f4   Section       96  libspace.o(.bss)
    HEAP                                     0x20001258   Section      512  startup_stm32f10x_hd.o(HEAP)
    Heap_Mem                                 0x20001258   Data         512  startup_stm32f10x_hd.o(HEAP)
    STACK                                    0x20001458   Section     1024  startup_stm32f10x_hd.o(STACK)
    Stack_Mem                                0x20001458   Data        1024  startup_stm32f10x_hd.o(STACK)
    __initial_sp                             0x20001858   Data           0  startup_stm32f10x_hd.o(STACK)

    Global Symbols

    Symbol Name                              Value     Ov Type        Size  Object(Section)

    BuildAttributes$$THM_ISAv4$P$D$K$B$S$PE$A:L22UL41UL21$X:L11$S22US41US21$IEEE1$IW$USESV6$~STKCKD$USESV7$~SHL$OTIME$ROPI$IEEEJ$EBA8$UX$STANDARDLIB$REQ8$PRES8$EABIv2 0x00000000   Number         0  anon$$obj.o ABSOLUTE
    __ARM_use_no_argv                        0x00000000   Number         0  main.o ABSOLUTE
    _printf_flags                            0x00000000   Number         0  printf_stubs.o ABSOLUTE
    _printf_return_value                     0x00000000   Number         0  printf_stubs.o ABSOLUTE
    _printf_sizespec                         0x00000000   Number         0  printf_stubs.o ABSOLUTE
    _printf_widthprec                        0x00000000   Number         0  printf_stubs.o ABSOLUTE
    __ARM_exceptions_init                     - Undefined Weak Reference
    __alloca_initialize                       - Undefined Weak Reference
    __arm_preinit_                            - Undefined Weak Reference
    __cpp_initialize__aeabi_                  - Undefined Weak Reference
    __cxa_finalize                            - Undefined Weak Reference
    __sigvec_lookup                           - Undefined Weak Reference
    _atexit_init                              - Undefined Weak Reference
    _call_atexit_fns                          - Undefined Weak Reference
    _clock_init                               - Undefined Weak Reference
    _fp_trap_init                             - Undefined Weak Reference
    _fp_trap_shutdown                         - Undefined Weak Reference
    _get_lc_collate                           - Undefined Weak Reference
    _get_lc_monetary                          - Undefined Weak Reference
    _get_lc_time                              - Undefined Weak Reference
    _getenv_init                              - Undefined Weak Reference
    _handle_redirection                       - Undefined Weak Reference
    _init_alloc                               - Undefined Weak Reference
    _init_user_alloc                          - Undefined Weak Reference
    _initio                                   - Undefined Weak Reference
    _mutex_acquire                            - Undefined Weak Reference
    _mutex_release                            - Undefined Weak Reference
    _printf_fp_hex                            - Undefined Weak Reference
    _printf_mbtowc                            - Undefined Weak Reference
    _printf_wc                                - Undefined Weak Reference
    _rand_init                                - Undefined Weak Reference
    _signal_finish                            - Undefined Weak Reference
    _signal_init                              - Undefined Weak Reference
    _terminate_alloc                          - Undefined Weak Reference
    _terminate_user_alloc                     - Undefined Weak Reference
    _terminateio                              - Undefined Weak Reference
    __Vectors_Size                           0x00000130   Number         0  startup_stm32f10x_hd.o ABSOLUTE
    __Vectors                                0x08000000   Data           4  startup_stm32f10x_hd.o(RESET)
    __Vectors_End                            0x08000130   Data           0  startup_stm32f10x_hd.o(RESET)
    __main                                   0x08000131   Thumb Code     8  __main.o(!!!main)
    __scatterload                            0x08000139   Thumb Code     0  __scatter.o(!!!scatter)
    __scatterload_rt2                        0x08000139   Thumb Code    44  __scatter.o(!!!scatter)
    __scatterload_rt2_thumb_only             0x08000139   Thumb Code     0  __scatter.o(!!!scatter)
    __scatterload_null                       0x08000147   Thumb Code     0  __scatter.o(!!!scatter)
    __decompress                             0x0800016d   Thumb Code    90  __dczerorl2.o(!!dczerorl2)
    __decompress1                            0x0800016d   Thumb Code     0  __dczerorl2.o(!!dczerorl2)
    __scatterload_zeroinit                   0x080001c9   Thumb Code    28  __scatter_zi.o(!!handler_zi)
    _printf_n                                0x080001e5   Thumb Code     0  _printf_n.o(.ARM.Collect$$_printf_percent$$00000001)
    _printf_percent                          0x080001e5   Thumb Code     0  _printf_percent.o(.ARM.Collect$$_printf_percent$$00000000)
    _printf_p                                0x080001eb   Thumb Code     0  _printf_p.o(.ARM.Collect$$_printf_percent$$00000002)
    _printf_f                                0x080001f1   Thumb Code     0  _printf_f.o(.ARM.Collect$$_printf_percent$$00000003)
    _printf_e                                0x080001f7   Thumb Code     0  _printf_e.o(.ARM.Collect$$_printf_percent$$00000004)
    _printf_g                                0x080001fd   Thumb Code     0  _printf_g.o(.ARM.Collect$$_printf_percent$$00000005)
    _printf_a                                0x08000203   Thumb Code     0  _printf_a.o(.ARM.Collect$$_printf_percent$$00000006)
    _printf_ll                               0x08000209   Thumb Code     0  _printf_ll.o(.ARM.Collect$$_printf_percent$$00000007)
    _printf_i                                0x08000213   Thumb Code     0  _printf_i.o(.ARM.Collect$$_printf_percent$$00000008)
    _printf_d                                0x08000219   Thumb Code     0  _printf_d.o(.ARM.Collect$$_printf_percent$$00000009)
    _printf_u                                0x0800021f   Thumb Code     0  _printf_u.o(.ARM.Collect$$_printf_percent$$0000000A)
    _printf_o                                0x08000225   Thumb Code     0  _printf_o.o(.ARM.Collect$$_printf_percent$$0000000B)
    _printf_x                                0x0800022b   Thumb Code     0  _printf_x.o(.ARM.Collect$$_printf_percent$$0000000C)
    _printf_lli                              0x08000231   Thumb Code     0  _printf_lli.o(.ARM.Collect$$_printf_percent$$0000000D)
    _printf_lld                              0x08000237   Thumb Code     0  _printf_lld.o(.ARM.Collect$$_printf_percent$$0000000E)
    _printf_llu                              0x0800023d   Thumb Code     0  _printf_llu.o(.ARM.Collect$$_printf_percent$$0000000F)
    _printf_llo                              0x08000243   Thumb Code     0  _printf_llo.o(.ARM.Collect$$_printf_percent$$00000010)
    _printf_llx                              0x08000249   Thumb Code     0  _printf_llx.o(.ARM.Collect$$_printf_percent$$00000011)
    _printf_l                                0x0800024f   Thumb Code     0  _printf_l.o(.ARM.Collect$$_printf_percent$$00000012)
    _printf_c                                0x08000259   Thumb Code     0  _printf_c.o(.ARM.Collect$$_printf_percent$$00000013)
    _printf_s                                0x0800025f   Thumb Code     0  _printf_s.o(.ARM.Collect$$_printf_percent$$00000014)
    _printf_lc                               0x08000265   Thumb Code     0  _printf_lc.o(.ARM.Collect$$_printf_percent$$00000015)
    _printf_ls                               0x0800026b   Thumb Code     0  _printf_ls.o(.ARM.Collect$$_printf_percent$$00000016)
    _printf_percent_end                      0x08000271   Thumb Code     0  _printf_percent_end.o(.ARM.Collect$$_printf_percent$$00000017)
    __rt_lib_init                            0x08000275   Thumb Code     0  libinit.o(.ARM.Collect$$libinit$$00000000)
    __rt_lib_init_fp_1                       0x08000277   Thumb Code     0  libinit2.o(.ARM.Collect$$libinit$$00000002)
    __rt_lib_init_heap_1                     0x08000277   Thumb Code     0  libinit2.o(.ARM.Collect$$libinit$$0000000A)
    __rt_lib_init_lc_common                  0x08000277   Thumb Code     0  libinit2.o(.ARM.Collect$$libinit$$0000000F)
    __rt_lib_init_preinit_1                  0x08000277   Thumb Code     0  libinit2.o(.ARM.Collect$$libinit$$00000004)
    __rt_lib_init_rand_1                     0x08000277   Thumb Code     0  libinit2.o(.ARM.Collect$$libinit$$0000000E)
    __rt_lib_init_user_alloc_1               0x08000277   Thumb Code     0  libinit2.o(.ARM.Collect$$libinit$$0000000C)
    __rt_lib_init_lc_collate_1               0x0800027d   Thumb Code     0  libinit2.o(.ARM.Collect$$libinit$$00000011)
    __rt_lib_init_lc_ctype_2                 0x0800027d   Thumb Code     0  libinit2.o(.ARM.Collect$$libinit$$00000012)
    __rt_lib_init_lc_ctype_1                 0x08000289   Thumb Code     0  libinit2.o(.ARM.Collect$$libinit$$00000013)
    __rt_lib_init_lc_monetary_1              0x08000289   Thumb Code     0  libinit2.o(.ARM.Collect$$libinit$$00000015)
    __rt_lib_init_lc_numeric_2               0x08000289   Thumb Code     0  libinit2.o(.ARM.Collect$$libinit$$00000016)
    __rt_lib_init_alloca_1                   0x08000293   Thumb Code     0  libinit2.o(.ARM.Collect$$libinit$$0000002E)
    __rt_lib_init_argv_1                     0x08000293   Thumb Code     0  libinit2.o(.ARM.Collect$$libinit$$0000002C)
    __rt_lib_init_atexit_1                   0x08000293   Thumb Code     0  libinit2.o(.ARM.Collect$$libinit$$0000001B)
    __rt_lib_init_clock_1                    0x08000293   Thumb Code     0  libinit2.o(.ARM.Collect$$libinit$$00000021)
    __rt_lib_init_cpp_1                      0x08000293   Thumb Code     0  libinit2.o(.ARM.Collect$$libinit$$00000032)
    __rt_lib_init_exceptions_1               0x08000293   Thumb Code     0  libinit2.o(.ARM.Collect$$libinit$$00000030)
    __rt_lib_init_fp_trap_1                  0x08000293   Thumb Code     0  libinit2.o(.ARM.Collect$$libinit$$0000001F)
    __rt_lib_init_getenv_1                   0x08000293   Thumb Code     0  libinit2.o(.ARM.Collect$$libinit$$00000023)
    __rt_lib_init_lc_numeric_1               0x08000293   Thumb Code     0  libinit2.o(.ARM.Collect$$libinit$$00000017)
    __rt_lib_init_lc_time_1                  0x08000293   Thumb Code     0  libinit2.o(.ARM.Collect$$libinit$$00000019)
    __rt_lib_init_return                     0x08000293   Thumb Code     0  libinit2.o(.ARM.Collect$$libinit$$00000033)
    __rt_lib_init_signal_1                   0x08000293   Thumb Code     0  libinit2.o(.ARM.Collect$$libinit$$0000001D)
    __rt_lib_init_stdio_1                    0x08000293   Thumb Code     0  libinit2.o(.ARM.Collect$$libinit$$00000025)
    __rt_lib_shutdown                        0x08000295   Thumb Code     0  libshutdown.o(.ARM.Collect$$libshutdown$$00000000)
    __rt_lib_shutdown_fp_trap_1              0x08000297   Thumb Code     0  libshutdown2.o(.ARM.Collect$$libshutdown$$00000006)
    __rt_lib_shutdown_heap_1                 0x08000297   Thumb Code     0  libshutdown2.o(.ARM.Collect$$libshutdown$$0000000E)
    __rt_lib_shutdown_return                 0x08000297   Thumb Code     0  libshutdown2.o(.ARM.Collect$$libshutdown$$0000000F)
    __rt_lib_shutdown_signal_1               0x08000297   Thumb Code     0  libshutdown2.o(.ARM.Collect$$libshutdown$$00000009)
    __rt_lib_shutdown_stdio_1                0x08000297   Thumb Code     0  libshutdown2.o(.ARM.Collect$$libshutdown$$00000003)
    __rt_lib_shutdown_user_alloc_1           0x08000297   Thumb Code     0  libshutdown2.o(.ARM.Collect$$libshutdown$$0000000B)
    __rt_entry                               0x08000299   Thumb Code     0  __rtentry.o(.ARM.Collect$$rtentry$$00000000)
    __rt_entry_presh_1                       0x08000299   Thumb Code     0  __rtentry2.o(.ARM.Collect$$rtentry$$00000002)
    __rt_entry_sh                            0x08000299   Thumb Code     0  __rtentry4.o(.ARM.Collect$$rtentry$$00000004)
    __rt_entry_li                            0x0800029f   Thumb Code     0  __rtentry2.o(.ARM.Collect$$rtentry$$0000000A)
    __rt_entry_postsh_1                      0x0800029f   Thumb Code     0  __rtentry2.o(.ARM.Collect$$rtentry$$00000009)
    __rt_entry_main                          0x080002a3   Thumb Code     0  __rtentry2.o(.ARM.Collect$$rtentry$$0000000D)
    __rt_entry_postli_1                      0x080002a3   Thumb Code     0  __rtentry2.o(.ARM.Collect$$rtentry$$0000000C)
    __rt_exit                                0x080002ab   Thumb Code     0  rtexit.o(.ARM.Collect$$rtexit$$00000000)
    __rt_exit_ls                             0x080002ad   Thumb Code     0  rtexit2.o(.ARM.Collect$$rtexit$$00000003)
    __rt_exit_prels_1                        0x080002ad   Thumb Code     0  rtexit2.o(.ARM.Collect$$rtexit$$00000002)
    __rt_exit_exit                           0x080002b1   Thumb Code     0  rtexit2.o(.ARM.Collect$$rtexit$$00000004)
    Reset_Handler                            0x080002b9   Thumb Code     8  startup_stm32f10x_hd.o(.text)
    ADC1_2_IRQHandler                        0x080002d3   Thumb Code     0  startup_stm32f10x_hd.o(.text)
    ADC3_IRQHandler                          0x080002d3   Thumb Code     0  startup_stm32f10x_hd.o(.text)
    CAN1_RX1_IRQHandler                      0x080002d3   Thumb Code     0  startup_stm32f10x_hd.o(.text)
    CAN1_SCE_IRQHandler                      0x080002d3   Thumb Code     0  startup_stm32f10x_hd.o(.text)
    DMA1_Channel1_IRQHandler                 0x080002d3   Thumb Code     0  startup_stm32f10x_hd.o(.text)
    DMA1_Channel2_IRQHandler                 0x080002d3   Thumb Code     0  startup_stm32f10x_hd.o(.text)
    DMA1_Channel3_IRQHandler                 0x080002d3   Thumb Code     0  startup_stm32f10x_hd.o(.text)
    DMA1_Channel4_IRQHandler                 0x080002d3   Thumb Code     0  startup_stm32f10x_hd.o(.text)
    DMA1_Channel5_IRQHandler                 0x080002d3   Thumb Code     0  startup_stm32f10x_hd.o(.text)
    DMA1_Channel6_IRQHandler                 0x080002d3   Thumb Code     0  startup_stm32f10x_hd.o(.text)
    DMA1_Channel7_IRQHandler                 0x080002d3   Thumb Code     0  startup_stm32f10x_hd.o(.text)
    DMA2_Channel1_IRQHandler                 0x080002d3   Thumb Code     0  startup_stm32f10x_hd.o(.text)
    DMA2_Channel2_IRQHandler                 0x080002d3   Thumb Code     0  startup_stm32f10x_hd.o(.text)
    DMA2_Channel3_IRQHandler                 0x080002d3   Thumb Code     0  startup_stm32f10x_hd.o(.text)
    DMA2_Channel4_5_IRQHandler               0x080002d3   Thumb Code     0  startup_stm32f10x_hd.o(.text)
    EXTI0_IRQHandler                         0x080002d3   Thumb Code     0  startup_stm32f10x_hd.o(.text)
    EXTI15_10_IRQHandler                     0x080002d3   Thumb Code     0  startup_stm32f10x_hd.o(.text)
    EXTI1_IRQHandler                         0x080002d3   Thumb Code     0  startup_stm32f10x_hd.o(.text)
    FLASH_IRQHandler                         0x080002d3   Thumb Code     0  startup_stm32f10x_hd.o(.text)
    FSMC_IRQHandler                          0x080002d3   Thumb Code     0  startup_stm32f10x_hd.o(.text)
    I2C1_ER_IRQHandler                       0x080002d3   Thumb Code     0  startup_stm32f10x_hd.o(.text)
    I2C1_EV_IRQHandler                       0x080002d3   Thumb Code     0  startup_stm32f10x_hd.o(.text)
    I2C2_ER_IRQHandler                       0x080002d3   Thumb Code     0  startup_stm32f10x_hd.o(.text)
    I2C2_EV_IRQHandler                       0x080002d3   Thumb Code     0  startup_stm32f10x_hd.o(.text)
    PVD_IRQHandler                           0x080002d3   Thumb Code     0  startup_stm32f10x_hd.o(.text)
    RCC_IRQHandler                           0x080002d3   Thumb Code     0  startup_stm32f10x_hd.o(.text)
    RTCAlarm_IRQHandler                      0x080002d3   Thumb Code     0  startup_stm32f10x_hd.o(.text)
    RTC_IRQHandler                           0x080002d3   Thumb Code     0  startup_stm32f10x_hd.o(.text)
    SDIO_IRQHandler                          0x080002d3   Thumb Code     0  startup_stm32f10x_hd.o(.text)
    SPI1_IRQHandler                          0x080002d3   Thumb Code     0  startup_stm32f10x_hd.o(.text)
    SPI2_IRQHandler                          0x080002d3   Thumb Code     0  startup_stm32f10x_hd.o(.text)
    SPI3_IRQHandler                          0x080002d3   Thumb Code     0  startup_stm32f10x_hd.o(.text)
    TAMPER_IRQHandler                        0x080002d3   Thumb Code     0  startup_stm32f10x_hd.o(.text)
    TIM1_BRK_IRQHandler                      0x080002d3   Thumb Code     0  startup_stm32f10x_hd.o(.text)
    TIM1_CC_IRQHandler                       0x080002d3   Thumb Code     0  startup_stm32f10x_hd.o(.text)
    TIM1_TRG_COM_IRQHandler                  0x080002d3   Thumb Code     0  startup_stm32f10x_hd.o(.text)
    TIM1_UP_IRQHandler                       0x080002d3   Thumb Code     0  startup_stm32f10x_hd.o(.text)
    TIM2_IRQHandler                          0x080002d3   Thumb Code     0  startup_stm32f10x_hd.o(.text)
    TIM5_IRQHandler                          0x080002d3   Thumb Code     0  startup_stm32f10x_hd.o(.text)
    TIM6_IRQHandler                          0x080002d3   Thumb Code     0  startup_stm32f10x_hd.o(.text)
    TIM7_IRQHandler                          0x080002d3   Thumb Code     0  startup_stm32f10x_hd.o(.text)
    TIM8_BRK_IRQHandler                      0x080002d3   Thumb Code     0  startup_stm32f10x_hd.o(.text)
    TIM8_CC_IRQHandler                       0x080002d3   Thumb Code     0  startup_stm32f10x_hd.o(.text)
    TIM8_TRG_COM_IRQHandler                  0x080002d3   Thumb Code     0  startup_stm32f10x_hd.o(.text)
    TIM8_UP_IRQHandler                       0x080002d3   Thumb Code     0  startup_stm32f10x_hd.o(.text)
    UART4_IRQHandler                         0x080002d3   Thumb Code     0  startup_stm32f10x_hd.o(.text)
    UART5_IRQHandler                         0x080002d3   Thumb Code     0  startup_stm32f10x_hd.o(.text)
    USART2_IRQHandler                        0x080002d3   Thumb Code     0  startup_stm32f10x_hd.o(.text)
    USBWakeUp_IRQHandler                     0x080002d3   Thumb Code     0  startup_stm32f10x_hd.o(.text)
    USB_HP_CAN1_TX_IRQHandler                0x080002d3   Thumb Code     0  startup_stm32f10x_hd.o(.text)
    USB_LP_CAN1_RX0_IRQHandler               0x080002d3   Thumb Code     0  startup_stm32f10x_hd.o(.text)
    WWDG_IRQHandler                          0x080002d3   Thumb Code     0  startup_stm32f10x_hd.o(.text)
    __user_initial_stackheap                 0x080002d5   Thumb Code     0  startup_stm32f10x_hd.o(.text)
    __use_no_semihosting                     0x080002f9   Thumb Code     2  use_no_semi_2.o(.text)
    __c89vsprintf                            0x080002fd   Thumb Code    32  c89vsprintf.o(.text)
    __2printf                                0x08000321   Thumb Code    20  __2printf.o(.text)
    _printf_str                              0x08000339   Thumb Code    82  _printf_str.o(.text)
    __printf                                 0x0800038d   Thumb Code   388  __printf_flags_ss_wp.o(.text)
    strlen                                   0x08000515   Thumb Code    62  strlen.o(.text)
    __use_two_region_memory                  0x08000553   Thumb Code     2  heapauxi.o(.text)
    __rt_heap_escrow$2region                 0x08000555   Thumb Code     2  heapauxi.o(.text)
    __rt_heap_expand$2region                 0x08000557   Thumb Code     2  heapauxi.o(.text)
    __I$use$semihosting                      0x08000559   Thumb Code     0  use_no_semi.o(.text)
    __use_no_semihosting_swi                 0x08000559   Thumb Code     2  use_no_semi.o(.text)
    _printf_pre_padding                      0x0800055b   Thumb Code    44  _printf_pad.o(.text)
    _printf_post_padding                     0x08000587   Thumb Code    34  _printf_pad.o(.text)
    _printf_truncate_signed                  0x080005a9   Thumb Code    18  _printf_truncate.o(.text)
    _printf_truncate_unsigned                0x080005bb   Thumb Code    18  _printf_truncate.o(.text)
    _printf_int_dec                          0x080005cd   Thumb Code   104  _printf_dec.o(.text)
    _printf_charcount                        0x08000645   Thumb Code    40  _printf_charcount.o(.text)
    _printf_char_common                      0x08000677   Thumb Code    32  _printf_char_common.o(.text)
    _sputc                                   0x0800069d   Thumb Code    10  _sputc.o(.text)
    _printf_cs_common                        0x080006a7   Thumb Code    20  _printf_char.o(.text)
    _printf_char                             0x080006bb   Thumb Code    16  _printf_char.o(.text)
    _printf_string                           0x080006cb   Thumb Code     8  _printf_char.o(.text)
    _printf_char_file                        0x080006d5   Thumb Code    32  _printf_char_file.o(.text)
    _printf_wctomb                           0x080006f9   Thumb Code   182  _printf_wctomb.o(.text)
    _printf_longlong_dec                     0x080007b5   Thumb Code   108  _printf_longlong_dec.o(.text)
    _printf_longlong_oct                     0x08000831   Thumb Code    68  _printf_oct_int_ll.o(.text)
    _printf_int_oct                          0x08000875   Thumb Code    24  _printf_oct_int_ll.o(.text)
    _printf_ll_oct                           0x0800088d   Thumb Code    12  _printf_oct_int_ll.o(.text)
    _printf_longlong_hex                     0x080008a1   Thumb Code    86  _printf_hex_int_ll_ptr.o(.text)
    _printf_int_hex                          0x080008f7   Thumb Code    28  _printf_hex_int_ll_ptr.o(.text)
    _printf_ll_hex                           0x08000913   Thumb Code    12  _printf_hex_int_ll_ptr.o(.text)
    _printf_hex_ptr                          0x0800091f   Thumb Code    18  _printf_hex_int_ll_ptr.o(.text)
    _ll_udiv10                               0x08000935   Thumb Code   138  lludiv10.o(.text)
    _printf_int_common                       0x080009bf   Thumb Code   178  _printf_intcommon.o(.text)
    __lib_sel_fp_printf                      0x08000a71   Thumb Code     2  _printf_fp_dec.o(.text)
    _printf_fp_dec_real                      0x08000c1f   Thumb Code   620  _printf_fp_dec.o(.text)
    _printf_lcs_common                       0x08000e8b   Thumb Code    20  _printf_wchar.o(.text)
    _printf_wchar                            0x08000e9f   Thumb Code    16  _printf_wchar.o(.text)
    _printf_wstring                          0x08000eaf   Thumb Code     8  _printf_wchar.o(.text)
    ferror                                   0x08000eb7   Thumb Code     8  ferror.o(.text)
    _wcrtomb                                 0x08000ebf   Thumb Code    64  _wcrtomb.o(.text)
    __user_setup_stackheap                   0x08000eff   Thumb Code    74  sys_stackheap_outer.o(.text)
    __rt_ctype_table                         0x08000f49   Thumb Code    16  rt_ctype_table.o(.text)
    __rt_locale                              0x08000f59   Thumb Code     8  rt_locale_intlibspace.o(.text)
    _printf_fp_infnan                        0x08000f61   Thumb Code   112  _printf_fp_infnan.o(.text)
    _btod_etento                             0x08000fe1   Thumb Code   216  bigflt0.o(.text)
    exit                                     0x080010bd   Thumb Code    12  exit.o(.text)
    __user_libspace                          0x080010c9   Thumb Code     8  libspace.o(.text)
    __user_perproc_libspace                  0x080010c9   Thumb Code     0  libspace.o(.text)
    __user_perthread_libspace                0x080010c9   Thumb Code     0  libspace.o(.text)
    strcmp                                   0x080010d1   Thumb Code   128  strcmpv7m.o(.text)
    _btod_d2e                                0x08001151   Thumb Code    62  btod.o(CL$$btod_d2e)
    _d2e_denorm_low                          0x0800118f   Thumb Code    70  btod.o(CL$$btod_d2e_denorm_low)
    _d2e_norm_op1                            0x080011d5   Thumb Code    96  btod.o(CL$$btod_d2e_norm_op1)
    __btod_div_common                        0x08001235   Thumb Code   696  btod.o(CL$$btod_div_common)
    _e2e                                     0x0800156d   Thumb Code   198  btod.o(CL$$btod_e2e)
    _btod_ediv                               0x08001633   Thumb Code    40  btod.o(CL$$btod_ediv)
    _btod_emul                               0x0800165b   Thumb Code    40  btod.o(CL$$btod_emul)
    __btod_mult_common                       0x08001683   Thumb Code   580  btod.o(CL$$btod_mult_common)
    BusFault_Handler                         0x080018c7   Thumb Code     4  stm32f10x_it.o(i.BusFault_Handler)
    DebugMon_Handler                         0x080018cb   Thumb Code     2  stm32f10x_it.o(i.DebugMon_Handler)
    EXTI2_IRQHandler                         0x080018cd   Thumb Code    36  independentkey.o(i.EXTI2_IRQHandler)
    EXTI3_IRQHandler                         0x080018f9   Thumb Code    36  independentkey.o(i.EXTI3_IRQHandler)
    EXTI4_IRQHandler                         0x08001925   Thumb Code    36  independentkey.o(i.EXTI4_IRQHandler)
    EXTI9_5_IRQHandler                       0x08001951   Thumb Code    40  independentkey.o(i.EXTI9_5_IRQHandler)
    EXTI_ClearITPendingBit                   0x08001981   Thumb Code     6  stm32f10x_exti.o(i.EXTI_ClearITPendingBit)
    EXTI_Init                                0x0800198d   Thumb Code   142  stm32f10x_exti.o(i.EXTI_Init)
    GPIO_EXTILineConfig                      0x08001a21   Thumb Code    60  stm32f10x_gpio.o(i.GPIO_EXTILineConfig)
    GPIO_Init                                0x08001a61   Thumb Code   278  stm32f10x_gpio.o(i.GPIO_Init)
    GPIO_PinRemapConfig                      0x08001b79   Thumb Code   138  stm32f10x_gpio.o(i.GPIO_PinRemapConfig)
    GPIO_ReadInputDataBit                    0x08001c09   Thumb Code    18  stm32f10x_gpio.o(i.GPIO_ReadInputDataBit)
    GPIO_SetBits                             0x08001c1b   Thumb Code     4  stm32f10x_gpio.o(i.GPIO_SetBits)
    HC05_Init                                0x08001c21   Thumb Code   226  hc05.o(i.HC05_Init)
    HC05_Set_Cmd                             0x08001d25   Thumb Code   130  hc05.o(i.HC05_Set_Cmd)
    HardFault_Handler                        0x08001dc1   Thumb Code     4  stm32f10x_it.o(i.HardFault_Handler)
    IndependentKeyInit                       0x08001dc5   Thumb Code   196  independentkey.o(i.IndependentKeyInit)
    InfraredEmitterInit                      0x08001e8d   Thumb Code   358  infraredemitter.o(i.InfraredEmitterInit)
    LedInit                                  0x08002001   Thumb Code    44  led.o(i.LedInit)
    MemManage_Handler                        0x08002035   Thumb Code     4  stm32f10x_it.o(i.MemManage_Handler)
    NMI_Handler                              0x08002039   Thumb Code     2  stm32f10x_it.o(i.NMI_Handler)
    NVIC_Init                                0x0800203d   Thumb Code   100  misc.o(i.NVIC_Init)
    NVIC_PriorityGroupConfig                 0x080020ad   Thumb Code    10  misc.o(i.NVIC_PriorityGroupConfig)
    OLED_Clear                               0x080020c1   Thumb Code    64  oled.o(i.OLED_Clear)
    OLED_Init                                0x08002101   Thumb Code   284  oled.o(i.OLED_Init)
    OLED_PinInit                             0x08002225   Thumb Code    86  oled.o(i.OLED_PinInit)
    OLED_SDIN_Out                            0x08002281   Thumb Code    32  oled.o(i.OLED_SDIN_Out)
    OLED_Set_Pos                             0x080022a5   Thumb Code    46  oled.o(i.OLED_Set_Pos)
    OLED_ShowChar                            0x080022d5   Thumb Code   106  oled.o(i.OLED_ShowChar)
    OLED_ShowString                          0x08002345   Thumb Code    50  oled.o(i.OLED_ShowString)
    OLED_WR_Byte                             0x08002379   Thumb Code   100  oled.o(i.OLED_WR_Byte)
    PendSV_Handler                           0x080023e5   Thumb Code     2  stm32f10x_it.o(i.PendSV_Handler)
    RCC_APB1PeriphClockCmd                   0x080023e9   Thumb Code    26  stm32f10x_rcc.o(i.RCC_APB1PeriphClockCmd)
    RCC_APB1PeriphResetCmd                   0x08002409   Thumb Code    26  stm32f10x_rcc.o(i.RCC_APB1PeriphResetCmd)
    RCC_APB2PeriphClockCmd                   0x08002429   Thumb Code    26  stm32f10x_rcc.o(i.RCC_APB2PeriphClockCmd)
    RCC_APB2PeriphResetCmd                   0x08002449   Thumb Code    26  stm32f10x_rcc.o(i.RCC_APB2PeriphResetCmd)
    RCC_GetClocksFreq                        0x08002469   Thumb Code   192  stm32f10x_rcc.o(i.RCC_GetClocksFreq)
    ReadDEVICE_SETKey                        0x0800253d   Thumb Code    20  independentkey.o(i.ReadDEVICE_SETKey)
    SVC_Handler                              0x08002555   Thumb Code     2  stm32f10x_it.o(i.SVC_Handler)
    SendOneBit                               0x08002557   Thumb Code   300  infraredemitter.o(i.SendOneBit)
    SysTick_CLKSourceConfig                  0x0800276d   Thumb Code    40  misc.o(i.SysTick_CLKSourceConfig)
    SysTick_Handler                          0x08002795   Thumb Code     2  stm32f10x_it.o(i.SysTick_Handler)
    SystemInit                               0x08002799   Thumb Code    78  system_stm32f10x.o(i.SystemInit)
    TIM3_IRQHandler                          0x08002a39   Thumb Code    42  usart3.o(i.TIM3_IRQHandler)
    TIM3_Int_Init                            0x08002a6d   Thumb Code    90  usart3.o(i.TIM3_Int_Init)
    TIM4_IRQHandler                          0x08002acd   Thumb Code   236  infraredemitter.o(i.TIM4_IRQHandler)
    TIM_CCxCmd                               0x08002bd5   Thumb Code    30  stm32f10x_tim.o(i.TIM_CCxCmd)
    TIM_ClearITPendingBit                    0x08002bf3   Thumb Code     6  stm32f10x_tim.o(i.TIM_ClearITPendingBit)
    TIM_Cmd                                  0x08002bf9   Thumb Code    24  stm32f10x_tim.o(i.TIM_Cmd)
    TIM_GetCapture4                          0x08002c11   Thumb Code     8  stm32f10x_tim.o(i.TIM_GetCapture4)
    TIM_GetITStatus                          0x08002c19   Thumb Code    34  stm32f10x_tim.o(i.TIM_GetITStatus)
    TIM_ICInit                               0x08002c3d   Thumb Code   150  stm32f10x_tim.o(i.TIM_ICInit)
    TIM_ITConfig                             0x08002ce9   Thumb Code    18  stm32f10x_tim.o(i.TIM_ITConfig)
    TIM_OC2Init                              0x08002cfd   Thumb Code   154  stm32f10x_tim.o(i.TIM_OC2Init)
    TIM_OC4PolarityConfig                    0x08002da1   Thumb Code    26  stm32f10x_tim.o(i.TIM_OC4PolarityConfig)
    TIM_SetCounter                           0x08002dbb   Thumb Code     4  stm32f10x_tim.o(i.TIM_SetCounter)
    TIM_SetIC1Prescaler                      0x08002dbf   Thumb Code    18  stm32f10x_tim.o(i.TIM_SetIC1Prescaler)
    TIM_SetIC2Prescaler                      0x08002dd1   Thumb Code    26  stm32f10x_tim.o(i.TIM_SetIC2Prescaler)
    TIM_SetIC3Prescaler                      0x08002deb   Thumb Code    18  stm32f10x_tim.o(i.TIM_SetIC3Prescaler)
    TIM_SetIC4Prescaler                      0x08002dfd   Thumb Code    26  stm32f10x_tim.o(i.TIM_SetIC4Prescaler)
    TIM_TimeBaseInit                         0x08002e19   Thumb Code   122  stm32f10x_tim.o(i.TIM_TimeBaseInit)
    TIM_UpdateDisableConfig                  0x08002ebd   Thumb Code    24  stm32f10x_tim.o(i.TIM_UpdateDisableConfig)
    TIM_UpdateRequestConfig                  0x08002ed5   Thumb Code    24  stm32f10x_tim.o(i.TIM_UpdateRequestConfig)
    USART1_IRQHandler                        0x08002eed   Thumb Code   122  usart.o(i.USART1_IRQHandler)
    USART3_IRQHandler                        0x08002f75   Thumb Code    94  usart3.o(i.USART3_IRQHandler)
    USART_Cmd                                0x08002fe5   Thumb Code    24  stm32f10x_usart.o(i.USART_Cmd)
    USART_DeInit                             0x08002ffd   Thumb Code   134  stm32f10x_usart.o(i.USART_DeInit)
    USART_GetFlagStatus                      0x08003099   Thumb Code    26  stm32f10x_usart.o(i.USART_GetFlagStatus)
    USART_GetITStatus                        0x080030b3   Thumb Code    84  stm32f10x_usart.o(i.USART_GetITStatus)
    USART_ITConfig                           0x08003107   Thumb Code    74  stm32f10x_usart.o(i.USART_ITConfig)
    USART_Init                               0x08003151   Thumb Code   210  stm32f10x_usart.o(i.USART_Init)
    USART_ReceiveData                        0x08003229   Thumb Code    10  stm32f10x_usart.o(i.USART_ReceiveData)
    USART_SendData                           0x08003233   Thumb Code     8  stm32f10x_usart.o(i.USART_SendData)
    UsageFault_Handler                       0x0800323b   Thumb Code     4  stm32f10x_it.o(i.UsageFault_Handler)
    __ARM_fpclassify                         0x0800323f   Thumb Code    40  fpclassify.o(i.__ARM_fpclassify)
    _is_digit                                0x08003267   Thumb Code    14  __printf_wp.o(i._is_digit)
    _sys_exit                                0x08003275   Thumb Code     6  usart.o(i._sys_exit)
    airInfraredSendData                      0x0800327d   Thumb Code   478  infraredemitter.o(i.airInfraredSendData)
    airInfraredSendGroupData                 0x0800347d   Thumb Code    44  infraredemitter.o(i.airInfraredSendGroupData)
    allowFraRecive                           0x080034a9   Thumb Code    14  infraredemitter.o(i.allowFraRecive)
    appplicationRun                          0x080034bd   Thumb Code    54  application.o(i.appplicationRun)
    at24c256Init                             0x080034fd   Thumb Code     8  at24c256.o(i.at24c256Init)
    at24c256ReadRandom                       0x08003505   Thumb Code   124  at24c256.o(i.at24c256ReadRandom)
    at24c256Writedata                        0x08003581   Thumb Code    92  at24c256.o(i.at24c256Writedata)
    banFraRecive                             0x080035dd   Thumb Code    14  infraredemitter.o(i.banFraRecive)
    cleanAllFraRecFlag                       0x080035f1   Thumb Code    50  infraredemitter.o(i.cleanAllFraRecFlag)
    delay_init                               0x08003645   Thumb Code    50  delay.o(i.delay_init)
    delay_ms                                 0x08003689   Thumb Code    72  delay.o(i.delay_ms)
    delay_us                                 0x080036d5   Thumb Code    72  delay.o(i.delay_us)
    deviceOperateStatue                      0x08003721   Thumb Code   610  application.o(i.deviceOperateStatue)
    deviceWorkStatue                         0x08003a49   Thumb Code   566  application.o(i.deviceWorkStatue)
    fputc                                    0x08003d39   Thumb Code    24  usart.o(i.fputc)
    iicCheckBusy                             0x08003d55   Thumb Code    48  iic.o(i.iicCheckBusy)
    iicInit                                  0x08003d89   Thumb Code    36  iic.o(i.iicInit)
    iicReceiveOneByte                        0x08003db5   Thumb Code   146  iic.o(i.iicReceiveOneByte)
    iicSendAddr                              0x08003e51   Thumb Code    30  iic.o(i.iicSendAddr)
    iicSendOneByte                           0x08003e71   Thumb Code   154  iic.o(i.iicSendOneByte)
    iicSendStart                             0x08003f15   Thumb Code    64  iic.o(i.iicSendStart)
    iicSendStop                              0x08003f5d   Thumb Code    58  iic.o(i.iicSendStop)
    iicSetIOPinDir                           0x08003fa1   Thumb Code    52  iic.o(i.iicSetIOPinDir)
    infraSendAndRecTest                      0x08003fd9   Thumb Code   162  application.o(i.infraSendAndRecTest)
    infraSendAnyLengData                     0x08004089   Thumb Code   164  infraredemitter.o(i.infraSendAnyLengData)
    learnKeyValue                            0x0800412d   Thumb Code   408  application.o(i.learnKeyValue)
    main                                     0x0800433d   Thumb Code    58  main.o(i.main)
    recJudge                                 0x08004385   Thumb Code   284  infraredemitter.o(i.recJudge)
    sendFraSign                              0x080044b9   Thumb Code   270  application.o(i.sendFraSign)
    sendGLAirFraSign                         0x0800462d   Thumb Code   200  infraredemitter.o(i.sendGLAirFraSign)
    u3_printf                                0x080046f5   Thumb Code    72  usart3.o(i.u3_printf)
    uart_init                                0x08004745   Thumb Code   152  usart.o(i.uart_init)
    usart3_init                              0x080047e5   Thumb Code   190  usart3.o(i.usart3_init)
    _get_lc_numeric                          0x080048b5   Thumb Code    44  lc_numeric_c.o(locale$$code)
    _get_lc_ctype                            0x080048e1   Thumb Code    44  lc_ctype_c.o(locale$$code)
    _printf_fp_dec                           0x0800490d   Thumb Code     4  printf1.o(x$fpl$printf1)
    __I$use$fp                               0x08004910   Number         0  usenofp.o(x$fpl$usenofp)
    Region$$Table$$Base                      0x080049e8   Number         0  anon$$obj.o(Region$$Table)
    Region$$Table$$Limit                     0x08004a08   Number         0  anon$$obj.o(Region$$Table)
    __ctype                                  0x08004a31   Data           0  lc_ctype_c.o(locale$$data)
    SystemCoreClock                          0x20000000   Data           4  system_stm32f10x.o(.data)
    AHBPrescTable                            0x20000004   Data          16  system_stm32f10x.o(.data)
    deviceKeyValue                           0x20000014   Data           1  application.o(.data)
    deviceStatus                             0x20000015   Data           1  application.o(.data)
    operateHEtotle                           0x20000016   Data           1  application.o(.data)
    operateHEkeyNum                          0x20000017   Data           1  application.o(.data)
    MyHEKeyToCrtl                            0x20000018   Data         567  application.o(.data)
    USART3_RX_STA                            0x20000250   Data           2  usart3.o(.data)
    time4Ch4ICPolarity                       0x20000252   Data           1  infraredemitter.o(.data)
    RecBitCountBefore                        0x20000253   Data           1  infraredemitter.o(.data)
    RecBitCountRight                         0x20000254   Data           1  infraredemitter.o(.data)
    ReceiveStartBit                          0x20000255   Data           1  infraredemitter.o(.data)
    ReceiveBitCount                          0x20000256   Data           1  infraredemitter.o(.data)
    ReceiveOtherBit                          0x20000257   Data           1  infraredemitter.o(.data)
    ReceiveConnectBit                        0x20000258   Data           1  infraredemitter.o(.data)
    ReceiveOverBit                           0x20000259   Data           1  infraredemitter.o(.data)
    airModel                                 0x2000025a   Data           1  infraredemitter.o(.data)
    airPower                                 0x2000025b   Data           1  infraredemitter.o(.data)
    airSpeed                                 0x2000025c   Data           1  infraredemitter.o(.data)
    airTempture                              0x2000025d   Data           1  infraredemitter.o(.data)
    airUDSweep                               0x2000025e   Data           1  infraredemitter.o(.data)
    airLRSweep                               0x2000025f   Data           1  infraredemitter.o(.data)
    airFixValue                              0x20000260   Data           2  infraredemitter.o(.data)
    airFixValue2                             0x20000262   Data           2  infraredemitter.o(.data)
    F6x8                                     0x20000264   Data         552  oled.o(.data)
    F8X16                                    0x2000048c   Data        1520  oled.o(.data)
    Hzk                                      0x20000a7c   Data         448  oled.o(.data)
    __stdout                                 0x20000c40   Data           4  usart.o(.data)
    USART_RX_STA                             0x20000c44   Data           2  usart.o(.data)
    USART3_RX_BUF                            0x20000c5c   Data         600  usart3.o(.bss)
    USART3_TX_BUF                            0x20000eb4   Data         600  usart3.o(.bss)
    ReceiveData                              0x2000110c   Data          32  infraredemitter.o(.bss)
    USART_RX_BUF                             0x2000112c   Data         200  usart.o(.bss)
    __libspace_start                         0x200011f4   Data          96  libspace.o(.bss)
    __temporary_stack_top$libspace           0x20001254   Data           0  libspace.o(.bss)



==============================================================================

Memory Map of the image

  Image Entry point : 0x08000131

  Load Region LR_IROM1 (Base: 0x08000000, Size: 0x00005790, Max: 0x00080000, ABSOLUTE, COMPRESSED[0x000051f8])

    Execution Region ER_IROM1 (Base: 0x08000000, Size: 0x00004b34, Max: 0x00080000, ABSOLUTE)

    Base Addr    Size         Type   Attr      Idx    E Section Name        Object

    0x08000000   0x00000130   Data   RO         3902    RESET               startup_stm32f10x_hd.o
    0x08000130   0x00000008   Code   RO         3948  * !!!main             c_w.l(__main.o)
    0x08000138   0x00000034   Code   RO         4238    !!!scatter          c_w.l(__scatter.o)
    0x0800016c   0x0000005a   Code   RO         4236    !!dczerorl2         c_w.l(__dczerorl2.o)
    0x080001c6   0x00000002   PAD
    0x080001c8   0x0000001c   Code   RO         4240    !!handler_zi        c_w.l(__scatter_zi.o)
    0x080001e4   0x00000000   Code   RO         3943    .ARM.Collect$$_printf_percent$$00000000  c_w.l(_printf_percent.o)
    0x080001e4   0x00000006   Code   RO         4001    .ARM.Collect$$_printf_percent$$00000001  c_w.l(_printf_n.o)
    0x080001ea   0x00000006   Code   RO         4003    .ARM.Collect$$_printf_percent$$00000002  c_w.l(_printf_p.o)
    0x080001f0   0x00000006   Code   RO         4008    .ARM.Collect$$_printf_percent$$00000003  c_w.l(_printf_f.o)
    0x080001f6   0x00000006   Code   RO         4009    .ARM.Collect$$_printf_percent$$00000004  c_w.l(_printf_e.o)
    0x080001fc   0x00000006   Code   RO         4010    .ARM.Collect$$_printf_percent$$00000005  c_w.l(_printf_g.o)
    0x08000202   0x00000006   Code   RO         4011    .ARM.Collect$$_printf_percent$$00000006  c_w.l(_printf_a.o)
    0x08000208   0x0000000a   Code   RO         4016    .ARM.Collect$$_printf_percent$$00000007  c_w.l(_printf_ll.o)
    0x08000212   0x00000006   Code   RO         4005    .ARM.Collect$$_printf_percent$$00000008  c_w.l(_printf_i.o)
    0x08000218   0x00000006   Code   RO         4006    .ARM.Collect$$_printf_percent$$00000009  c_w.l(_printf_d.o)
    0x0800021e   0x00000006   Code   RO         4007    .ARM.Collect$$_printf_percent$$0000000A  c_w.l(_printf_u.o)
    0x08000224   0x00000006   Code   RO         4004    .ARM.Collect$$_printf_percent$$0000000B  c_w.l(_printf_o.o)
    0x0800022a   0x00000006   Code   RO         4002    .ARM.Collect$$_printf_percent$$0000000C  c_w.l(_printf_x.o)
    0x08000230   0x00000006   Code   RO         4013    .ARM.Collect$$_printf_percent$$0000000D  c_w.l(_printf_lli.o)
    0x08000236   0x00000006   Code   RO         4014    .ARM.Collect$$_printf_percent$$0000000E  c_w.l(_printf_lld.o)
    0x0800023c   0x00000006   Code   RO         4015    .ARM.Collect$$_printf_percent$$0000000F  c_w.l(_printf_llu.o)
    0x08000242   0x00000006   Code   RO         4020    .ARM.Collect$$_printf_percent$$00000010  c_w.l(_printf_llo.o)
    0x08000248   0x00000006   Code   RO         4021    .ARM.Collect$$_printf_percent$$00000011  c_w.l(_printf_llx.o)
    0x0800024e   0x0000000a   Code   RO         4017    .ARM.Collect$$_printf_percent$$00000012  c_w.l(_printf_l.o)
    0x08000258   0x00000006   Code   RO         3941    .ARM.Collect$$_printf_percent$$00000013  c_w.l(_printf_c.o)
    0x0800025e   0x00000006   Code   RO         3942    .ARM.Collect$$_printf_percent$$00000014  c_w.l(_printf_s.o)
    0x08000264   0x00000006   Code   RO         4018    .ARM.Collect$$_printf_percent$$00000015  c_w.l(_printf_lc.o)
    0x0800026a   0x00000006   Code   RO         4019    .ARM.Collect$$_printf_percent$$00000016  c_w.l(_printf_ls.o)
    0x08000270   0x00000004   Code   RO         4012    .ARM.Collect$$_printf_percent$$00000017  c_w.l(_printf_percent_end.o)
    0x08000274   0x00000002   Code   RO         4101    .ARM.Collect$$libinit$$00000000  c_w.l(libinit.o)
    0x08000276   0x00000000   Code   RO         4118    .ARM.Collect$$libinit$$00000002  c_w.l(libinit2.o)
    0x08000276   0x00000000   Code   RO         4120    .ARM.Collect$$libinit$$00000004  c_w.l(libinit2.o)
    0x08000276   0x00000000   Code   RO         4123    .ARM.Collect$$libinit$$0000000A  c_w.l(libinit2.o)
    0x08000276   0x00000000   Code   RO         4125    .ARM.Collect$$libinit$$0000000C  c_w.l(libinit2.o)
    0x08000276   0x00000000   Code   RO         4127    .ARM.Collect$$libinit$$0000000E  c_w.l(libinit2.o)
    0x08000276   0x00000006   Code   RO         4128    .ARM.Collect$$libinit$$0000000F  c_w.l(libinit2.o)
    0x0800027c   0x00000000   Code   RO         4130    .ARM.Collect$$libinit$$00000011  c_w.l(libinit2.o)
    0x0800027c   0x0000000c   Code   RO         4131    .ARM.Collect$$libinit$$00000012  c_w.l(libinit2.o)
    0x08000288   0x00000000   Code   RO         4132    .ARM.Collect$$libinit$$00000013  c_w.l(libinit2.o)
    0x08000288   0x00000000   Code   RO         4134    .ARM.Collect$$libinit$$00000015  c_w.l(libinit2.o)
    0x08000288   0x0000000a   Code   RO         4135    .ARM.Collect$$libinit$$00000016  c_w.l(libinit2.o)
    0x08000292   0x00000000   Code   RO         4136    .ARM.Collect$$libinit$$00000017  c_w.l(libinit2.o)
    0x08000292   0x00000000   Code   RO         4138    .ARM.Collect$$libinit$$00000019  c_w.l(libinit2.o)
    0x08000292   0x00000000   Code   RO         4140    .ARM.Collect$$libinit$$0000001B  c_w.l(libinit2.o)
    0x08000292   0x00000000   Code   RO         4142    .ARM.Collect$$libinit$$0000001D  c_w.l(libinit2.o)
    0x08000292   0x00000000   Code   RO         4144    .ARM.Collect$$libinit$$0000001F  c_w.l(libinit2.o)
    0x08000292   0x00000000   Code   RO         4146    .ARM.Collect$$libinit$$00000021  c_w.l(libinit2.o)
    0x08000292   0x00000000   Code   RO         4148    .ARM.Collect$$libinit$$00000023  c_w.l(libinit2.o)
    0x08000292   0x00000000   Code   RO         4150    .ARM.Collect$$libinit$$00000025  c_w.l(libinit2.o)
    0x08000292   0x00000000   Code   RO         4154    .ARM.Collect$$libinit$$0000002C  c_w.l(libinit2.o)
    0x08000292   0x00000000   Code   RO         4156    .ARM.Collect$$libinit$$0000002E  c_w.l(libinit2.o)
    0x08000292   0x00000000   Code   RO         4158    .ARM.Collect$$libinit$$00000030  c_w.l(libinit2.o)
    0x08000292   0x00000000   Code   RO         4160    .ARM.Collect$$libinit$$00000032  c_w.l(libinit2.o)
    0x08000292   0x00000002   Code   RO         4161    .ARM.Collect$$libinit$$00000033  c_w.l(libinit2.o)
    0x08000294   0x00000002   Code   RO         4179    .ARM.Collect$$libshutdown$$00000000  c_w.l(libshutdown.o)
    0x08000296   0x00000000   Code   RO         4190    .ARM.Collect$$libshutdown$$00000003  c_w.l(libshutdown2.o)
    0x08000296   0x00000000   Code   RO         4193    .ARM.Collect$$libshutdown$$00000006  c_w.l(libshutdown2.o)
    0x08000296   0x00000000   Code   RO         4196    .ARM.Collect$$libshutdown$$00000009  c_w.l(libshutdown2.o)
    0x08000296   0x00000000   Code   RO         4198    .ARM.Collect$$libshutdown$$0000000B  c_w.l(libshutdown2.o)
    0x08000296   0x00000000   Code   RO         4201    .ARM.Collect$$libshutdown$$0000000E  c_w.l(libshutdown2.o)
    0x08000296   0x00000002   Code   RO         4202    .ARM.Collect$$libshutdown$$0000000F  c_w.l(libshutdown2.o)
    0x08000298   0x00000000   Code   RO         3952    .ARM.Collect$$rtentry$$00000000  c_w.l(__rtentry.o)
    0x08000298   0x00000000   Code   RO         4025    .ARM.Collect$$rtentry$$00000002  c_w.l(__rtentry2.o)
    0x08000298   0x00000006   Code   RO         4037    .ARM.Collect$$rtentry$$00000004  c_w.l(__rtentry4.o)
    0x0800029e   0x00000000   Code   RO         4027    .ARM.Collect$$rtentry$$00000009  c_w.l(__rtentry2.o)
    0x0800029e   0x00000004   Code   RO         4028    .ARM.Collect$$rtentry$$0000000A  c_w.l(__rtentry2.o)
    0x080002a2   0x00000000   Code   RO         4030    .ARM.Collect$$rtentry$$0000000C  c_w.l(__rtentry2.o)
    0x080002a2   0x00000008   Code   RO         4031    .ARM.Collect$$rtentry$$0000000D  c_w.l(__rtentry2.o)
    0x080002aa   0x00000002   Code   RO         4110    .ARM.Collect$$rtexit$$00000000  c_w.l(rtexit.o)
    0x080002ac   0x00000000   Code   RO         4163    .ARM.Collect$$rtexit$$00000002  c_w.l(rtexit2.o)
    0x080002ac   0x00000004   Code   RO         4164    .ARM.Collect$$rtexit$$00000003  c_w.l(rtexit2.o)
    0x080002b0   0x00000006   Code   RO         4165    .ARM.Collect$$rtexit$$00000004  c_w.l(rtexit2.o)
    0x080002b6   0x00000002   PAD
    0x080002b8   0x00000040   Code   RO         3903    .text               startup_stm32f10x_hd.o
    0x080002f8   0x00000002   Code   RO         3909    .text               c_w.l(use_no_semi_2.o)
    0x080002fa   0x00000002   PAD
    0x080002fc   0x00000024   Code   RO         3911    .text               c_w.l(c89vsprintf.o)
    0x08000320   0x00000018   Code   RO         3913    .text               c_w.l(__2printf.o)
    0x08000338   0x00000052   Code   RO         3919    .text               c_w.l(_printf_str.o)
    0x0800038a   0x00000002   PAD
    0x0800038c   0x00000188   Code   RO         3938    .text               c_w.l(__printf_flags_ss_wp.o)
    0x08000514   0x0000003e   Code   RO         3944    .text               c_w.l(strlen.o)
    0x08000552   0x00000006   Code   RO         3946    .text               c_w.l(heapauxi.o)
    0x08000558   0x00000002   Code   RO         3950    .text               c_w.l(use_no_semi.o)
    0x0800055a   0x0000004e   Code   RO         3953    .text               c_w.l(_printf_pad.o)
    0x080005a8   0x00000024   Code   RO         3955    .text               c_w.l(_printf_truncate.o)
    0x080005cc   0x00000078   Code   RO         3957    .text               c_w.l(_printf_dec.o)
    0x08000644   0x00000028   Code   RO         3959    .text               c_w.l(_printf_charcount.o)
    0x0800066c   0x00000030   Code   RO         3961    .text               c_w.l(_printf_char_common.o)
    0x0800069c   0x0000000a   Code   RO         3963    .text               c_w.l(_sputc.o)
    0x080006a6   0x0000002c   Code   RO         3965    .text               c_w.l(_printf_char.o)
    0x080006d2   0x00000002   PAD
    0x080006d4   0x00000024   Code   RO         3967    .text               c_w.l(_printf_char_file.o)
    0x080006f8   0x000000bc   Code   RO         3969    .text               c_w.l(_printf_wctomb.o)
    0x080007b4   0x0000007c   Code   RO         3972    .text               c_w.l(_printf_longlong_dec.o)
    0x08000830   0x00000070   Code   RO         3978    .text               c_w.l(_printf_oct_int_ll.o)
    0x080008a0   0x00000094   Code   RO         3998    .text               c_w.l(_printf_hex_int_ll_ptr.o)
    0x08000934   0x0000008a   Code   RO         4039    .text               c_w.l(lludiv10.o)
    0x080009be   0x000000b2   Code   RO         4041    .text               c_w.l(_printf_intcommon.o)
    0x08000a70   0x0000041a   Code   RO         4043    .text               c_w.l(_printf_fp_dec.o)
    0x08000e8a   0x0000002c   Code   RO         4047    .text               c_w.l(_printf_wchar.o)
    0x08000eb6   0x00000008   Code   RO         4049    .text               c_w.l(ferror.o)
    0x08000ebe   0x00000040   Code   RO         4053    .text               c_w.l(_wcrtomb.o)
    0x08000efe   0x0000004a   Code   RO         4055    .text               c_w.l(sys_stackheap_outer.o)
    0x08000f48   0x00000010   Code   RO         4057    .text               c_w.l(rt_ctype_table.o)
    0x08000f58   0x00000008   Code   RO         4062    .text               c_w.l(rt_locale_intlibspace.o)
    0x08000f60   0x00000080   Code   RO         4064    .text               c_w.l(_printf_fp_infnan.o)
    0x08000fe0   0x000000dc   Code   RO         4066    .text               c_w.l(bigflt0.o)
    0x080010bc   0x0000000c   Code   RO         4094    .text               c_w.l(exit.o)
    0x080010c8   0x00000008   Code   RO         4107    .text               c_w.l(libspace.o)
    0x080010d0   0x00000080   Code   RO         4115    .text               c_w.l(strcmpv7m.o)
    0x08001150   0x0000003e   Code   RO         4069    CL$$btod_d2e        c_w.l(btod.o)
    0x0800118e   0x00000046   Code   RO         4071    CL$$btod_d2e_denorm_low  c_w.l(btod.o)
    0x080011d4   0x00000060   Code   RO         4070    CL$$btod_d2e_norm_op1  c_w.l(btod.o)
    0x08001234   0x00000338   Code   RO         4079    CL$$btod_div_common  c_w.l(btod.o)
    0x0800156c   0x000000c6   Code   RO         4076    CL$$btod_e2e        c_w.l(btod.o)
    0x08001632   0x00000028   Code   RO         4073    CL$$btod_ediv       c_w.l(btod.o)
    0x0800165a   0x00000028   Code   RO         4072    CL$$btod_emul       c_w.l(btod.o)
    0x08001682   0x00000244   Code   RO         4078    CL$$btod_mult_common  c_w.l(btod.o)
    0x080018c6   0x00000004   Code   RO          144    i.BusFault_Handler  stm32f10x_it.o
    0x080018ca   0x00000002   Code   RO          145    i.DebugMon_Handler  stm32f10x_it.o
    0x080018cc   0x0000002c   Code   RO          335    i.EXTI2_IRQHandler  independentkey.o
    0x080018f8   0x0000002c   Code   RO          336    i.EXTI3_IRQHandler  independentkey.o
    0x08001924   0x0000002c   Code   RO          337    i.EXTI4_IRQHandler  independentkey.o
    0x08001950   0x00000030   Code   RO          338    i.EXTI9_5_IRQHandler  independentkey.o
    0x08001980   0x0000000c   Code   RO         1721    i.EXTI_ClearITPendingBit  stm32f10x_exti.o
    0x0800198c   0x00000094   Code   RO         1726    i.EXTI_Init         stm32f10x_exti.o
    0x08001a20   0x00000040   Code   RO         2071    i.GPIO_EXTILineConfig  stm32f10x_gpio.o
    0x08001a60   0x00000116   Code   RO         2074    i.GPIO_Init         stm32f10x_gpio.o
    0x08001b76   0x00000002   PAD
    0x08001b78   0x00000090   Code   RO         2076    i.GPIO_PinRemapConfig  stm32f10x_gpio.o
    0x08001c08   0x00000012   Code   RO         2078    i.GPIO_ReadInputDataBit  stm32f10x_gpio.o
    0x08001c1a   0x00000004   Code   RO         2082    i.GPIO_SetBits      stm32f10x_gpio.o
    0x08001c1e   0x00000002   PAD
    0x08001c20   0x00000104   Code   RO          437    i.HC05_Init         hc05.o
    0x08001d24   0x0000009c   Code   RO          438    i.HC05_Set_Cmd      hc05.o
    0x08001dc0   0x00000004   Code   RO          146    i.HardFault_Handler  stm32f10x_it.o
    0x08001dc4   0x000000c8   Code   RO          339    i.IndependentKeyInit  independentkey.o
    0x08001e8c   0x00000174   Code   RO          469    i.InfraredEmitterInit  infraredemitter.o
    0x08002000   0x00000034   Code   RO          323    i.LedInit           led.o
    0x08002034   0x00000004   Code   RO          147    i.MemManage_Handler  stm32f10x_it.o
    0x08002038   0x00000002   Code   RO          148    i.NMI_Handler       stm32f10x_it.o
    0x0800203a   0x00000002   PAD
    0x0800203c   0x00000070   Code   RO          923    i.NVIC_Init         misc.o
    0x080020ac   0x00000014   Code   RO          924    i.NVIC_PriorityGroupConfig  misc.o
    0x080020c0   0x00000040   Code   RO          725    i.OLED_Clear        oled.o
    0x08002100   0x00000124   Code   RO          729    i.OLED_Init         oled.o
    0x08002224   0x0000005c   Code   RO          730    i.OLED_PinInit      oled.o
    0x08002280   0x00000024   Code   RO          732    i.OLED_SDIN_Out     oled.o
    0x080022a4   0x0000002e   Code   RO          733    i.OLED_Set_Pos      oled.o
    0x080022d2   0x00000002   PAD
    0x080022d4   0x00000070   Code   RO          735    i.OLED_ShowChar     oled.o
    0x08002344   0x00000032   Code   RO          737    i.OLED_ShowString   oled.o
    0x08002376   0x00000002   PAD
    0x08002378   0x0000006c   Code   RO          738    i.OLED_WR_Byte      oled.o
    0x080023e4   0x00000002   Code   RO          149    i.PendSV_Handler    stm32f10x_it.o
    0x080023e6   0x00000002   PAD
    0x080023e8   0x00000020   Code   RO         2490    i.RCC_APB1PeriphClockCmd  stm32f10x_rcc.o
    0x08002408   0x00000020   Code   RO         2491    i.RCC_APB1PeriphResetCmd  stm32f10x_rcc.o
    0x08002428   0x00000020   Code   RO         2492    i.RCC_APB2PeriphClockCmd  stm32f10x_rcc.o
    0x08002448   0x00000020   Code   RO         2493    i.RCC_APB2PeriphResetCmd  stm32f10x_rcc.o
    0x08002468   0x000000d4   Code   RO         2500    i.RCC_GetClocksFreq  stm32f10x_rcc.o
    0x0800253c   0x00000018   Code   RO          340    i.ReadDEVICE_SETKey  independentkey.o
    0x08002554   0x00000002   Code   RO          150    i.SVC_Handler       stm32f10x_it.o
    0x08002556   0x0000012c   Code   RO          471    i.SendOneBit        infraredemitter.o
    0x08002682   0x00000008   Code   RO          207    i.SetSysClock       system_stm32f10x.o
    0x0800268a   0x00000002   PAD
    0x0800268c   0x000000e0   Code   RO          208    i.SetSysClockTo72   system_stm32f10x.o
    0x0800276c   0x00000028   Code   RO          927    i.SysTick_CLKSourceConfig  misc.o
    0x08002794   0x00000002   Code   RO          151    i.SysTick_Handler   stm32f10x_it.o
    0x08002796   0x00000002   PAD
    0x08002798   0x00000060   Code   RO          210    i.SystemInit        system_stm32f10x.o
    0x080027f8   0x00000080   Code   RO         3108    i.TI1_Config        stm32f10x_tim.o
    0x08002878   0x00000098   Code   RO         3109    i.TI2_Config        stm32f10x_tim.o
    0x08002910   0x00000090   Code   RO         3110    i.TI3_Config        stm32f10x_tim.o
    0x080029a0   0x00000098   Code   RO         3111    i.TI4_Config        stm32f10x_tim.o
    0x08002a38   0x00000034   Code   RO          382    i.TIM3_IRQHandler   usart3.o
    0x08002a6c   0x00000060   Code   RO          383    i.TIM3_Int_Init     usart3.o
    0x08002acc   0x00000108   Code   RO          472    i.TIM4_IRQHandler   infraredemitter.o
    0x08002bd4   0x0000001e   Code   RO         3116    i.TIM_CCxCmd        stm32f10x_tim.o
    0x08002bf2   0x00000006   Code   RO         3119    i.TIM_ClearITPendingBit  stm32f10x_tim.o
    0x08002bf8   0x00000018   Code   RO         3124    i.TIM_Cmd           stm32f10x_tim.o
    0x08002c10   0x00000008   Code   RO         3142    i.TIM_GetCapture4   stm32f10x_tim.o
    0x08002c18   0x00000022   Code   RO         3145    i.TIM_GetITStatus   stm32f10x_tim.o
    0x08002c3a   0x00000002   PAD
    0x08002c3c   0x000000ac   Code   RO         3147    i.TIM_ICInit        stm32f10x_tim.o
    0x08002ce8   0x00000012   Code   RO         3149    i.TIM_ITConfig      stm32f10x_tim.o
    0x08002cfa   0x00000002   PAD
    0x08002cfc   0x000000a4   Code   RO         3158    i.TIM_OC2Init       stm32f10x_tim.o
    0x08002da0   0x0000001a   Code   RO         3169    i.TIM_OC4PolarityConfig  stm32f10x_tim.o
    0x08002dba   0x00000004   Code   RO         3189    i.TIM_SetCounter    stm32f10x_tim.o
    0x08002dbe   0x00000012   Code   RO         3190    i.TIM_SetIC1Prescaler  stm32f10x_tim.o
    0x08002dd0   0x0000001a   Code   RO         3191    i.TIM_SetIC2Prescaler  stm32f10x_tim.o
    0x08002dea   0x00000012   Code   RO         3192    i.TIM_SetIC3Prescaler  stm32f10x_tim.o
    0x08002dfc   0x0000001a   Code   RO         3193    i.TIM_SetIC4Prescaler  stm32f10x_tim.o
    0x08002e16   0x00000002   PAD
    0x08002e18   0x000000a4   Code   RO         3195    i.TIM_TimeBaseInit  stm32f10x_tim.o
    0x08002ebc   0x00000018   Code   RO         3197    i.TIM_UpdateDisableConfig  stm32f10x_tim.o
    0x08002ed4   0x00000018   Code   RO         3198    i.TIM_UpdateRequestConfig  stm32f10x_tim.o
    0x08002eec   0x00000088   Code   RO          882    i.USART1_IRQHandler  usart.o
    0x08002f74   0x00000070   Code   RO          384    i.USART3_IRQHandler  usart3.o
    0x08002fe4   0x00000018   Code   RO         3660    i.USART_Cmd         stm32f10x_usart.o
    0x08002ffc   0x0000009c   Code   RO         3662    i.USART_DeInit      stm32f10x_usart.o
    0x08003098   0x0000001a   Code   RO         3663    i.USART_GetFlagStatus  stm32f10x_usart.o
    0x080030b2   0x00000054   Code   RO         3664    i.USART_GetITStatus  stm32f10x_usart.o
    0x08003106   0x0000004a   Code   RO         3666    i.USART_ITConfig    stm32f10x_usart.o
    0x08003150   0x000000d8   Code   RO         3667    i.USART_Init        stm32f10x_usart.o
    0x08003228   0x0000000a   Code   RO         3674    i.USART_ReceiveData  stm32f10x_usart.o
    0x08003232   0x00000008   Code   RO         3677    i.USART_SendData    stm32f10x_usart.o
    0x0800323a   0x00000004   Code   RO          152    i.UsageFault_Handler  stm32f10x_it.o
    0x0800323e   0x00000028   Code   RO         4105    i.__ARM_fpclassify  m_ws.l(fpclassify.o)
    0x08003266   0x0000000e   Code   RO         3931    i._is_digit         c_w.l(__printf_wp.o)
    0x08003274   0x00000006   Code   RO          883    i._sys_exit         usart.o
    0x0800327a   0x00000002   PAD
    0x0800327c   0x00000200   Code   RO          473    i.airInfraredSendData  infraredemitter.o
    0x0800347c   0x0000002c   Code   RO          474    i.airInfraredSendGroupData  infraredemitter.o
    0x080034a8   0x00000014   Code   RO          475    i.allowFraRecive    infraredemitter.o
    0x080034bc   0x00000040   Code   RO          241    i.appplicationRun   application.o
    0x080034fc   0x00000008   Code   RO          615    i.at24c256Init      at24c256.o
    0x08003504   0x0000007c   Code   RO          617    i.at24c256ReadRandom  at24c256.o
    0x08003580   0x0000005c   Code   RO          618    i.at24c256Writedata  at24c256.o
    0x080035dc   0x00000014   Code   RO          476    i.banFraRecive      infraredemitter.o
    0x080035f0   0x00000054   Code   RO          477    i.cleanAllFraRecFlag  infraredemitter.o
    0x08003644   0x00000044   Code   RO          827    i.delay_init        delay.o
    0x08003688   0x0000004c   Code   RO          828    i.delay_ms          delay.o
    0x080036d4   0x0000004c   Code   RO          829    i.delay_us          delay.o
    0x08003720   0x00000328   Code   RO          242    i.deviceOperateStatue  application.o
    0x08003a48   0x000002f0   Code   RO          243    i.deviceWorkStatue  application.o
    0x08003d38   0x0000001c   Code   RO          884    i.fputc             usart.o
    0x08003d54   0x00000034   Code   RO          557    i.iicCheckBusy      iic.o
    0x08003d88   0x0000002c   Code   RO          558    i.iicInit           iic.o
    0x08003db4   0x0000009c   Code   RO          559    i.iicReceiveOneByte  iic.o
    0x08003e50   0x0000001e   Code   RO          560    i.iicSendAddr       iic.o
    0x08003e6e   0x00000002   PAD
    0x08003e70   0x000000a4   Code   RO          561    i.iicSendOneByte    iic.o
    0x08003f14   0x00000048   Code   RO          562    i.iicSendStart      iic.o
    0x08003f5c   0x00000044   Code   RO          563    i.iicSendStop       iic.o
    0x08003fa0   0x00000038   Code   RO          564    i.iicSetIOPinDir    iic.o
    0x08003fd8   0x000000b0   Code   RO          244    i.infraSendAndRecTest  application.o
    0x08004088   0x000000a4   Code   RO          479    i.infraSendAnyLengData  infraredemitter.o
    0x0800412c   0x00000210   Code   RO          245    i.learnKeyValue     application.o
    0x0800433c   0x00000048   Code   RO            1    i.main              main.o
    0x08004384   0x00000134   Code   RO          480    i.recJudge          infraredemitter.o
    0x080044b8   0x00000174   Code   RO          246    i.sendFraSign       application.o
    0x0800462c   0x000000c8   Code   RO          481    i.sendGLAirFraSign  infraredemitter.o
    0x080046f4   0x00000050   Code   RO          385    i.u3_printf         usart3.o
    0x08004744   0x000000a0   Code   RO          885    i.uart_init         usart.o
    0x080047e4   0x000000d0   Code   RO          386    i.usart3_init       usart3.o
    0x080048b4   0x0000002c   Code   RO         4092    locale$$code        c_w.l(lc_numeric_c.o)
    0x080048e0   0x0000002c   Code   RO         4113    locale$$code        c_w.l(lc_ctype_c.o)
    0x0800490c   0x00000004   Code   RO         4022    x$fpl$printf1       fz_ws.l(printf1.o)
    0x08004910   0x00000000   Code   RO         4104    x$fpl$usenofp       fz_ws.l(usenofp.o)
    0x08004910   0x00000011   Data   RO         3939    .constdata          c_w.l(__printf_flags_ss_wp.o)
    0x08004921   0x00000003   PAD
    0x08004924   0x00000008   Data   RO         3970    .constdata          c_w.l(_printf_wctomb.o)
    0x0800492c   0x00000028   Data   RO         3999    .constdata          c_w.l(_printf_hex_int_ll_ptr.o)
    0x08004954   0x00000094   Data   RO         4067    .constdata          c_w.l(bigflt0.o)
    0x080049e8   0x00000020   Data   RO         4234    Region$$Table       anon$$obj.o
    0x08004a08   0x0000001c   Data   RO         4091    locale$$data        c_w.l(lc_numeric_c.o)
    0x08004a24   0x00000110   Data   RO         4112    locale$$data        c_w.l(lc_ctype_c.o)


    Execution Region RW_IRAM1 (Base: 0x20000000, Size: 0x00001858, Max: 0x00010000, ABSOLUTE, COMPRESSED[0x000006c4])

    Base Addr    Size         Type   Attr      Idx    E Section Name        Object

    0x20000000   0x00000014   Data   RW          211    .data               system_stm32f10x.o
    0x20000014   0x0000023c   Data   RW          247    .data               application.o
    0x20000250   0x00000002   Data   RW          388    .data               usart3.o
    0x20000252   0x00000012   Data   RW          483    .data               infraredemitter.o
    0x20000264   0x000009d8   Data   RW          740    .data               oled.o
    0x20000c3c   0x00000004   Data   RW          830    .data               delay.o
    0x20000c40   0x00000006   Data   RW          887    .data               usart.o
    0x20000c46   0x00000014   Data   RW         2520    .data               stm32f10x_rcc.o
    0x20000c5a   0x00000002   PAD
    0x20000c5c   0x000004b0   Zero   RW          387    .bss                usart3.o
    0x2000110c   0x00000020   Zero   RW          482    .bss                infraredemitter.o
    0x2000112c   0x000000c8   Zero   RW          886    .bss                usart.o
    0x200011f4   0x00000060   Zero   RW         4108    .bss                c_w.l(libspace.o)
    0x20001254   0x00000004   PAD
    0x20001258   0x00000200   Zero   RW         3901    HEAP                startup_stm32f10x_hd.o
    0x20001458   0x00000400   Zero   RW         3900    STACK               startup_stm32f10x_hd.o


==============================================================================

Image component sizes


      Code (inc. data)   RO Data    RW Data    ZI Data      Debug   Object Name

      2700        630          0        572          0     214114   application.o
       224          0          0          0          0       2572   at24c256.o
       220         26          0          4          0       1759   delay.o
       416         60          0          0          0       1883   hc05.o
       642         54          0          0          0       4542   iic.o
       404         40          0          0          0       3307   independentkey.o
      2288        162          0         18         32       9183   infraredemitter.o
        52          8          0          0          0        494   led.o
        72         14          0          0          0      48475   main.o
       172         22          0          0          0       2025   misc.o
       800         32          0       2520          0       5709   oled.o
        64         26        304          0       1536        800   startup_stm32f10x_hd.o
       160         12          0          0          0       1469   stm32f10x_exti.o
       508         10          0          0          0       4495   stm32f10x_gpio.o
        26          0          0          0          0       3842   stm32f10x_it.o
       340         44          0         20          0       5536   stm32f10x_rcc.o
      1362        160          0          0          0      13377   stm32f10x_tim.o
       598         28          0          0          0       6640   stm32f10x_usart.o
         0          0          0          0          0         32   sys.o
       328         28          0         20          0       2157   system_stm32f10x.o
       330         26          0          6        200       4208   usart.o
       548         60          0          2       1200       4400   usart3.o

    ----------------------------------------------------------------------
     12280       1442        336       3164       2968     341019   Object Totals
         0          0         32          0          0          0   (incl. Generated)
        26          0          0          2          0          0   (incl. Padding)

    ----------------------------------------------------------------------

      Code (inc. data)   RO Data    RW Data    ZI Data      Debug   Library Member Name

        24          4          0          0          0         84   __2printf.o
        90          0          0          0          0          0   __dczerorl2.o
         8          0          0          0          0         68   __main.o
       392          4         17          0          0         92   __printf_flags_ss_wp.o
        14          0          0          0          0         68   __printf_wp.o
         0          0          0          0          0          0   __rtentry.o
        12          0          0          0          0          0   __rtentry2.o
         6          0          0          0          0          0   __rtentry4.o
        52          8          0          0          0          0   __scatter.o
        28          0          0          0          0          0   __scatter_zi.o
         6          0          0          0          0          0   _printf_a.o
         6          0          0          0          0          0   _printf_c.o
        44          0          0          0          0        108   _printf_char.o
        48          6          0          0          0         96   _printf_char_common.o
        36          4          0          0          0         80   _printf_char_file.o
        40          0          0          0          0         68   _printf_charcount.o
         6          0          0          0          0          0   _printf_d.o
       120         16          0          0          0         92   _printf_dec.o
         6          0          0          0          0          0   _printf_e.o
         6          0          0          0          0          0   _printf_f.o
      1050          0          0          0          0        216   _printf_fp_dec.o
       128         16          0          0          0         84   _printf_fp_infnan.o
         6          0          0          0          0          0   _printf_g.o
       148          4         40          0          0        160   _printf_hex_int_ll_ptr.o
         6          0          0          0          0          0   _printf_i.o
       178          0          0          0          0         88   _printf_intcommon.o
        10          0          0          0          0          0   _printf_l.o
         6          0          0          0          0          0   _printf_lc.o
        10          0          0          0          0          0   _printf_ll.o
         6          0          0          0          0          0   _printf_lld.o
         6          0          0          0          0          0   _printf_lli.o
         6          0          0          0          0          0   _printf_llo.o
         6          0          0          0          0          0   _printf_llu.o
         6          0          0          0          0          0   _printf_llx.o
       124         16          0          0          0         92   _printf_longlong_dec.o
         6          0          0          0          0          0   _printf_ls.o
         6          0          0          0          0          0   _printf_n.o
         6          0          0          0          0          0   _printf_o.o
       112          8          0          0          0        124   _printf_oct_int_ll.o
         6          0          0          0          0          0   _printf_p.o
        78          0          0          0          0        108   _printf_pad.o
         0          0          0          0          0          0   _printf_percent.o
         4          0          0          0          0          0   _printf_percent_end.o
         6          0          0          0          0          0   _printf_s.o
        82          0          0          0          0         80   _printf_str.o
        36          0          0          0          0         84   _printf_truncate.o
         6          0          0          0          0          0   _printf_u.o
        44          0          0          0          0        108   _printf_wchar.o
       188          6          8          0          0         92   _printf_wctomb.o
         6          0          0          0          0          0   _printf_x.o
        10          0          0          0          0         68   _sputc.o
        64          0          0          0          0         92   _wcrtomb.o
       220          4        148          0          0         96   bigflt0.o
      1910        128          0          0          0        672   btod.o
        36          4          0          0          0         76   c89vsprintf.o
        12          0          0          0          0         72   exit.o
         8          0          0          0          0         68   ferror.o
         6          0          0          0          0        152   heapauxi.o
        44         10        272          0          0         76   lc_ctype_c.o
        44         10         28          0          0         76   lc_numeric_c.o
         2          0          0          0          0          0   libinit.o
        30          0          0          0          0          0   libinit2.o
         2          0          0          0          0          0   libshutdown.o
         2          0          0          0          0          0   libshutdown2.o
         8          4          0          0         96         68   libspace.o
       138          0          0          0          0         80   lludiv10.o
        16          4          0          0          0         76   rt_ctype_table.o
         8          4          0          0          0         68   rt_locale_intlibspace.o
         2          0          0          0          0          0   rtexit.o
        10          0          0          0          0          0   rtexit2.o
       128          0          0          0          0         68   strcmpv7m.o
        62          0          0          0          0         76   strlen.o
        74          0          0          0          0         80   sys_stackheap_outer.o
         2          0          0          0          0         68   use_no_semi.o
         2          0          0          0          0         68   use_no_semi_2.o
         4          0          0          0          0         68   printf1.o
         0          0          0          0          0          0   usenofp.o
        40          0          0          0          0         68   fpclassify.o

    ----------------------------------------------------------------------
      6120        260        516          0        100       4228   Library Totals
        10          0          3          0          4          0   (incl. Padding)

    ----------------------------------------------------------------------

      Code (inc. data)   RO Data    RW Data    ZI Data      Debug   Library Name

      6066        260        513          0         96       4092   c_w.l
         4          0          0          0          0         68   fz_ws.l
        40          0          0          0          0         68   m_ws.l

    ----------------------------------------------------------------------
      6120        260        516          0        100       4228   Library Totals

    ----------------------------------------------------------------------

==============================================================================


      Code (inc. data)   RO Data    RW Data    ZI Data      Debug   

     18400       1702        852       3164       3068     337183   Grand Totals
     18400       1702        852       1732       3068     337183   ELF Image Totals (compressed)
     18400       1702        852       1732          0          0   ROM Totals

==============================================================================

    Total RO  Size (Code + RO Data)                19252 (  18.80kB)
    Total RW  Size (RW Data + ZI Data)              6232 (   6.09kB)
    Total ROM Size (Code + RO Data + RW Data)      20984 (  20.49kB)

==============================================================================

